Component: ARM Compiler 5.06 update 4 (build 422) Tool: armlink [4d35d2]

==============================================================================

Section Cross References

    main.o(i.MX_GPIO_Init) refers to rt_memclr_w.o(.text) for __aeabi_memclr4
    main.o(i.MX_GPIO_Init) refers to stm32l4xx_hal_gpio.o(i.HAL_GPIO_WritePin) for HAL_GPIO_WritePin
    main.o(i.MX_GPIO_Init) refers to stm32l4xx_hal_gpio.o(i.HAL_GPIO_Init) for HAL_GPIO_Init
    main.o(i.SystemClock_Config) refers to rt_memclr_w.o(.text) for __aeabi_memclr4
    main.o(i.SystemClock_Config) refers to stm32l4xx_hal_rcc.o(i.HAL_RCC_OscConfig) for HAL_RCC_OscConfig
    main.o(i.SystemClock_Config) refers to main.o(i.Error_Handler) for Error_Handler
    main.o(i.SystemClock_Config) refers to stm32l4xx_hal_rcc.o(i.HAL_RCC_ClockConfig) for HAL_RCC_ClockConfig
    main.o(i.SystemClock_Config) refers to stm32l4xx_hal_rcc_ex.o(i.HAL_RCCEx_PeriphCLKConfig) for HAL_RCCEx_PeriphCLKConfig
    main.o(i.SystemClock_Config) refers to stm32l4xx_hal_pwr_ex.o(i.HAL_PWREx_ControlVoltageScaling) for HAL_PWREx_ControlVoltageScaling
    main.o(i.main) refers to stm32l4xx_hal.o(i.HAL_Init) for HAL_Init
    main.o(i.main) refers to main.o(i.SystemClock_Config) for SystemClock_Config
    main.o(i.main) refers to main.o(i.MX_GPIO_Init) for MX_GPIO_Init
    main.o(i.main) refers to usb_device.o(i.MX_USB_DEVICE_Init) for MX_USB_DEVICE_Init
    main.o(i.main) refers to stm32l4xx_hal_gpio.o(i.HAL_GPIO_WritePin) for HAL_GPIO_WritePin
    main.o(i.main) refers to stm32l4xx_hal_gpio.o(i.HAL_GPIO_ReadPin) for HAL_GPIO_ReadPin
    main.o(i.main) refers to usbd_customhid.o(i.USBD_CUSTOM_HID_SendReport) for USBD_CUSTOM_HID_SendReport
    main.o(i.main) refers to main.o(.data) for USBDatainReady
    main.o(i.main) refers to main.o(.bss) for USB_RX_Buffer
    main.o(i.main) refers to usb_device.o(.bss) for hUsbDeviceFS
    stm32l4xx_it.o(i.OTG_FS_IRQHandler) refers to stm32l4xx_hal_pcd.o(i.HAL_PCD_IRQHandler) for HAL_PCD_IRQHandler
    stm32l4xx_it.o(i.OTG_FS_IRQHandler) refers to usbd_conf.o(.bss) for hpcd_USB_OTG_FS
    stm32l4xx_it.o(i.SysTick_Handler) refers to stm32l4xx_hal.o(i.HAL_IncTick) for HAL_IncTick
    usb_device.o(i.MX_USB_DEVICE_Init) refers to usbd_core.o(i.USBD_Init) for USBD_Init
    usb_device.o(i.MX_USB_DEVICE_Init) refers to main.o(i.Error_Handler) for Error_Handler
    usb_device.o(i.MX_USB_DEVICE_Init) refers to usbd_core.o(i.USBD_RegisterClass) for USBD_RegisterClass
    usb_device.o(i.MX_USB_DEVICE_Init) refers to usbd_customhid.o(i.USBD_CUSTOM_HID_RegisterInterface) for USBD_CUSTOM_HID_RegisterInterface
    usb_device.o(i.MX_USB_DEVICE_Init) refers to usbd_core.o(i.USBD_Start) for USBD_Start
    usb_device.o(i.MX_USB_DEVICE_Init) refers to usbd_desc.o(.data) for FS_Desc
    usb_device.o(i.MX_USB_DEVICE_Init) refers to usb_device.o(.bss) for hUsbDeviceFS
    usb_device.o(i.MX_USB_DEVICE_Init) refers to usbd_customhid.o(.data) for USBD_CUSTOM_HID
    usb_device.o(i.MX_USB_DEVICE_Init) refers to usbd_custom_hid_if.o(.data) for USBD_CustomHID_fops_FS
    usbd_conf.o(i.HAL_PCDEx_LPM_Callback) refers to usbd_conf.o(i.SystemClockConfig_Resume) for SystemClockConfig_Resume
    usbd_conf.o(i.HAL_PCDEx_LPM_Callback) refers to usbd_core.o(i.USBD_LL_Resume) for USBD_LL_Resume
    usbd_conf.o(i.HAL_PCDEx_LPM_Callback) refers to usbd_core.o(i.USBD_LL_Suspend) for USBD_LL_Suspend
    usbd_conf.o(i.HAL_PCD_ConnectCallback) refers to usbd_core.o(i.USBD_LL_DevConnected) for USBD_LL_DevConnected
    usbd_conf.o(i.HAL_PCD_DataInStageCallback) refers to usbd_core.o(i.USBD_LL_DataInStage) for USBD_LL_DataInStage
    usbd_conf.o(i.HAL_PCD_DataOutStageCallback) refers to usbd_core.o(i.USBD_LL_DataOutStage) for USBD_LL_DataOutStage
    usbd_conf.o(i.HAL_PCD_DisconnectCallback) refers to usbd_core.o(i.USBD_LL_DevDisconnected) for USBD_LL_DevDisconnected
    usbd_conf.o(i.HAL_PCD_ISOINIncompleteCallback) refers to usbd_core.o(i.USBD_LL_IsoINIncomplete) for USBD_LL_IsoINIncomplete
    usbd_conf.o(i.HAL_PCD_ISOOUTIncompleteCallback) refers to usbd_core.o(i.USBD_LL_IsoOUTIncomplete) for USBD_LL_IsoOUTIncomplete
    usbd_conf.o(i.HAL_PCD_MspDeInit) refers to stm32l4xx_hal_gpio.o(i.HAL_GPIO_DeInit) for HAL_GPIO_DeInit
    usbd_conf.o(i.HAL_PCD_MspDeInit) refers to stm32l4xx_hal_pwr_ex.o(i.HAL_PWREx_DisableVddUSB) for HAL_PWREx_DisableVddUSB
    usbd_conf.o(i.HAL_PCD_MspDeInit) refers to stm32l4xx_hal_cortex.o(i.HAL_NVIC_DisableIRQ) for HAL_NVIC_DisableIRQ
    usbd_conf.o(i.HAL_PCD_MspInit) refers to rt_memclr_w.o(.text) for __aeabi_memclr4
    usbd_conf.o(i.HAL_PCD_MspInit) refers to stm32l4xx_hal_gpio.o(i.HAL_GPIO_Init) for HAL_GPIO_Init
    usbd_conf.o(i.HAL_PCD_MspInit) refers to stm32l4xx_hal_pwr_ex.o(i.HAL_PWREx_EnableVddUSB) for HAL_PWREx_EnableVddUSB
    usbd_conf.o(i.HAL_PCD_MspInit) refers to stm32l4xx_hal_cortex.o(i.HAL_NVIC_SetPriority) for HAL_NVIC_SetPriority
[...]
    i.HAL_PCD_DisconnectCallback             0x0800098e   Section        0  usbd_conf.o(i.HAL_PCD_DisconnectCallback)
    i.HAL_PCD_EP_Close                       0x0800099c   Section        0  stm32l4xx_hal_pcd.o(i.HAL_PCD_EP_Close)
    i.HAL_PCD_EP_ClrStall                    0x08000a06   Section        0  stm32l4xx_hal_pcd.o(i.HAL_PCD_EP_ClrStall)
    i.HAL_PCD_EP_Open                        0x08000a82   Section        0  stm32l4xx_hal_pcd.o(i.HAL_PCD_EP_Open)
    i.HAL_PCD_EP_Receive                     0x08000b0e   Section        0  stm32l4xx_hal_pcd.o(i.HAL_PCD_EP_Receive)
    i.HAL_PCD_EP_SetStall                    0x08000b5a   Section        0  stm32l4xx_hal_pcd.o(i.HAL_PCD_EP_SetStall)
    i.HAL_PCD_EP_Transmit                    0x08000be2   Section        0  stm32l4xx_hal_pcd.o(i.HAL_PCD_EP_Transmit)
    i.HAL_PCD_IRQHandler                     0x08000c30   Section        0  stm32l4xx_hal_pcd.o(i.HAL_PCD_IRQHandler)
    i.HAL_PCD_ISOINIncompleteCallback        0x08001142   Section        0  usbd_conf.o(i.HAL_PCD_ISOINIncompleteCallback)
    i.HAL_PCD_ISOOUTIncompleteCallback       0x08001154   Section        0  usbd_conf.o(i.HAL_PCD_ISOOUTIncompleteCallback)
    i.HAL_PCD_Init                           0x08001166   Section        0  stm32l4xx_hal_pcd.o(i.HAL_PCD_Init)
    i.HAL_PCD_MspInit                        0x080012d8   Section        0  usbd_conf.o(i.HAL_PCD_MspInit)
    i.HAL_PCD_ResetCallback                  0x08001398   Section        0  usbd_conf.o(i.HAL_PCD_ResetCallback)
    i.HAL_PCD_ResumeCallback                 0x080013bc   Section        0  usbd_conf.o(i.HAL_PCD_ResumeCallback)
    i.HAL_PCD_SOFCallback                    0x080013f4   Section        0  usbd_conf.o(i.HAL_PCD_SOFCallback)
    i.HAL_PCD_SetAddress                     0x08001402   Section        0  stm32l4xx_hal_pcd.o(i.HAL_PCD_SetAddress)
    i.HAL_PCD_SetupStageCallback             0x08001438   Section        0  usbd_conf.o(i.HAL_PCD_SetupStageCallback)
    i.HAL_PCD_Start                          0x0800144a   Section        0  stm32l4xx_hal_pcd.o(i.HAL_PCD_Start)
    i.HAL_PCD_SuspendCallback                0x08001490   Section        0  usbd_conf.o(i.HAL_PCD_SuspendCallback)
    i.HAL_PWREx_ControlVoltageScaling        0x080014c4   Section        0  stm32l4xx_hal_pwr_ex.o(i.HAL_PWREx_ControlVoltageScaling)
    i.HAL_PWREx_EnableVddUSB                 0x08001550   Section        0  stm32l4xx_hal_pwr_ex.o(i.HAL_PWREx_EnableVddUSB)
    i.HAL_PWREx_GetVoltageRange              0x08001564   Section        0  stm32l4xx_hal_pwr_ex.o(i.HAL_PWREx_GetVoltageRange)
    i.HAL_RCCEx_PeriphCLKConfig              0x08001574   Section        0  stm32l4xx_hal_rcc_ex.o(i.HAL_RCCEx_PeriphCLKConfig)
    i.HAL_RCC_ClockConfig                    0x08001a48   Section        0  stm32l4xx_hal_rcc.o(i.HAL_RCC_ClockConfig)
    i.HAL_RCC_GetHCLKFreq                    0x08001bc4   Section        0  stm32l4xx_hal_rcc.o(i.HAL_RCC_GetHCLKFreq)
    i.HAL_RCC_GetSysClockFreq                0x08001bd0   Section        0  stm32l4xx_hal_rcc.o(i.HAL_RCC_GetSysClockFreq)
    i.HAL_RCC_OscConfig                      0x08001cbc   Section        0  stm32l4xx_hal_rcc.o(i.HAL_RCC_OscConfig)
    i.HAL_SYSTICK_Config                     0x08002348   Section        0  stm32l4xx_hal_cortex.o(i.HAL_SYSTICK_Config)
    i.HardFault_Handler                      0x0800237c   Section        0  stm32l4xx_it.o(i.HardFault_Handler)
    i.IntToUnicode                           0x08002380   Section        0  usbd_desc.o(i.IntToUnicode)
    IntToUnicode                             0x08002381   Thumb Code    62  usbd_desc.o(i.IntToUnicode)
    i.MX_GPIO_Init                           0x080023c0   Section        0  main.o(i.MX_GPIO_Init)
    MX_GPIO_Init                             0x080023c1   Thumb Code   186  main.o(i.MX_GPIO_Init)
    i.MX_USB_DEVICE_Init                     0x08002488   Section        0  usb_device.o(i.MX_USB_DEVICE_Init)
    i.MemManage_Handler                      0x080024d4   Section        0  stm32l4xx_it.o(i.MemManage_Handler)
    i.NMI_Handler                            0x080024d8   Section        0  stm32l4xx_it.o(i.NMI_Handler)
    i.OTG_FS_IRQHandler                      0x080024dc   Section        0  stm32l4xx_it.o(i.OTG_FS_IRQHandler)
    i.PCD_EP_OutSetupPacket_int              0x080024ec   Section        0  stm32l4xx_hal_pcd.o(i.PCD_EP_OutSetupPacket_int)
    PCD_EP_OutSetupPacket_int                0x080024ed   Thumb Code    70  stm32l4xx_hal_pcd.o(i.PCD_EP_OutSetupPacket_int)
    i.PCD_EP_OutXfrComplete_int              0x08002538   Section        0  stm32l4xx_hal_pcd.o(i.PCD_EP_OutXfrComplete_int)
    PCD_EP_OutXfrComplete_int                0x08002539   Thumb Code   104  stm32l4xx_hal_pcd.o(i.PCD_EP_OutXfrComplete_int)
    i.PCD_WriteEmptyTxFifo                   0x080025a4   Section        0  stm32l4xx_hal_pcd.o(i.PCD_WriteEmptyTxFifo)
    PCD_WriteEmptyTxFifo                     0x080025a5   Thumb Code   178  stm32l4xx_hal_pcd.o(i.PCD_WriteEmptyTxFifo)
    i.PendSV_Handler                         0x0800265c   Section        0  stm32l4xx_it.o(i.PendSV_Handler)
    i.RCCEx_PLLSAI1_Config                   0x08002660   Section        0  stm32l4xx_hal_rcc_ex.o(i.RCCEx_PLLSAI1_Config)
    RCCEx_PLLSAI1_Config                     0x08002661   Thumb Code   378  stm32l4xx_hal_rcc_ex.o(i.RCCEx_PLLSAI1_Config)
    i.RCCEx_PLLSAI2_Config                   0x080027ec   Section        0  stm32l4xx_hal_rcc_ex.o(i.RCCEx_PLLSAI2_Config)
    RCCEx_PLLSAI2_Config                     0x080027ed   Thumb Code   342  stm32l4xx_hal_rcc_ex.o(i.RCCEx_PLLSAI2_Config)
    i.RCC_SetFlashLatencyFromMSIRange        0x08002950   Section        0  stm32l4xx_hal_rcc.o(i.RCC_SetFlashLatencyFromMSIRange)
    RCC_SetFlashLatencyFromMSIRange          0x08002951   Thumb Code   148  stm32l4xx_hal_rcc.o(i.RCC_SetFlashLatencyFromMSIRange)
    i.SVC_Handler                            0x080029ec   Section        0  stm32l4xx_it.o(i.SVC_Handler)
    i.SysTick_Handler                        0x080029ee   Section        0  stm32l4xx_it.o(i.SysTick_Handler)
    i.SystemClockConfig_Resume               0x080029f6   Section        0  usbd_conf.o(i.SystemClockConfig_Resume)
    SystemClockConfig_Resume                 0x080029f7   Thumb Code     8  usbd_conf.o(i.SystemClockConfig_Resume)
    i.SystemClock_Config                     0x080029fe   Section        0  main.o(i.SystemClock_Config)
    i.SystemInit                             0x08002ab0   Section        0  system_stm32l4xx_1.o(i.SystemInit)
    i.USBD_CUSTOM_HID_DataIn                 0x08002b00   Section        0  usbd_customhid.o(i.USBD_CUSTOM_HID_DataIn)
    USBD_CUSTOM_HID_DataIn                   0x08002b01   Thumb Code    14  usbd_customhid.o(i.USBD_CUSTOM_HID_DataIn)
    i.USBD_CUSTOM_HID_DataOut                0x08002b0e   Section        0  usbd_customhid.o(i.USBD_CUSTOM_HID_DataOut)
    USBD_CUSTOM_HID_DataOut                  0x08002b0f   Thumb Code    38  usbd_customhid.o(i.USBD_CUSTOM_HID_DataOut)
    i.USBD_CUSTOM_HID_DeInit                 0x08002b34   Section        0  usbd_customhid.o(i.USBD_CUSTOM_HID_DeInit)
    USBD_CUSTOM_HID_DeInit                   0x08002b35   Thumb Code    64  usbd_customhid.o(i.USBD_CUSTOM_HID_DeInit)
    i.USBD_CUSTOM_HID_EP0_RxReady            0x08002b74   Section        0  usbd_customhid.o(i.USBD_CUSTOM_HID_EP0_RxReady)
    USBD_CUSTOM_HID_EP0_RxReady              0x08002b75   Thumb Code    34  usbd_customhid.o(i.USBD_CUSTOM_HID_EP0_RxReady)
    i.USBD_CUSTOM_HID_GetDeviceQualifierDesc 0x08002b98   Section        0  usbd_customhid.o(i.USBD_CUSTOM_HID_GetDeviceQualifierDesc)
    USBD_CUSTOM_HID_GetDeviceQualifierDesc   0x08002b99   Thumb Code    10  usbd_customhid.o(i.USBD_CUSTOM_HID_GetDeviceQualifierDesc)
    i.USBD_CUSTOM_HID_GetFSCfgDesc           0x08002ba8   Section        0  usbd_customhid.o(i.USBD_CUSTOM_HID_GetFSCfgDesc)
    USBD_CUSTOM_HID_GetFSCfgDesc             0x08002ba9   Thumb Code    10  usbd_customhid.o(i.USBD_CUSTOM_HID_GetFSCfgDesc)
    i.USBD_CUSTOM_HID_GetHSCfgDesc           0x08002bb8   Section        0  usbd_customhid.o(i.USBD_CUSTOM_HID_GetHSCfgDesc)
    USBD_CUSTOM_HID_GetHSCfgDesc             0x08002bb9   Thumb Code    10  usbd_customhid.o(i.USBD_CUSTOM_HID_GetHSCfgDesc)
    i.USBD_CUSTOM_HID_GetOtherSpeedCfgDesc   0x08002bc8   Section        0  usbd_customhid.o(i.USBD_CUSTOM_HID_GetOtherSpeedCfgDesc)
    USBD_CUSTOM_HID_GetOtherSpeedCfgDesc     0x08002bc9   Thumb Code    10  usbd_customhid.o(i.USBD_CUSTOM_HID_GetOtherSpeedCfgDesc)
    i.USBD_CUSTOM_HID_Init                   0x08002bd8   Section        0  usbd_customhid.o(i.USBD_CUSTOM_HID_Init)
    USBD_CUSTOM_HID_Init                     0x08002bd9   Thumb Code    98  usbd_customhid.o(i.USBD_CUSTOM_HID_Init)
    i.USBD_CUSTOM_HID_RegisterInterface      0x08002c3a   Section        0  usbd_customhid.o(i.USBD_CUSTOM_HID_RegisterInterface)
    i.USBD_CUSTOM_HID_SendReport             0x08002c48   Section        0  usbd_customhid.o(i.USBD_CUSTOM_HID_SendReport)
    i.USBD_CUSTOM_HID_Setup                  0x08002c84   Section        0  usbd_customhid.o(i.USBD_CUSTOM_HID_Setup)
    USBD_CUSTOM_HID_Setup                    0x08002c85   Thumb Code   366  usbd_customhid.o(i.USBD_CUSTOM_HID_Setup)
    i.USBD_ClrClassConfig                    0x08002df8   Section        0  usbd_core.o(i.USBD_ClrClassConfig)
    i.USBD_ClrFeature                        0x08002e0e   Section        0  usbd_ctlreq.o(i.USBD_ClrFeature)
    USBD_ClrFeature                          0x08002e0f   Thumb Code    62  usbd_ctlreq.o(i.USBD_ClrFeature)
    i.USBD_CtlContinueRx                     0x08002e4c   Section        0  usbd_ioreq.o(i.USBD_CtlContinueRx)
    i.USBD_CtlContinueSendData               0x08002e64   Section        0  usbd_ioreq.o(i.USBD_CtlContinueSendData)
    i.USBD_CtlError                          0x08002e7c   Section        0  usbd_ctlreq.o(i.USBD_CtlError)
    i.USBD_CtlPrepareRx                      0x08002e94   Section        0  usbd_ioreq.o(i.USBD_CtlPrepareRx)
    i.USBD_CtlReceiveStatus                  0x08002ebc   Section        0  usbd_ioreq.o(i.USBD_CtlReceiveStatus)
    i.USBD_CtlSendData                       0x08002ed6   Section        0  usbd_ioreq.o(i.USBD_CtlSendData)
    i.USBD_CtlSendStatus                     0x08002ef8   Section        0  usbd_ioreq.o(i.USBD_CtlSendStatus)
    i.USBD_FS_ConfigStrDescriptor            0x08002f14   Section        0  usbd_desc.o(i.USBD_FS_ConfigStrDescriptor)
    i.USBD_FS_DeviceDescriptor               0x08002f50   Section        0  usbd_desc.o(i.USBD_FS_DeviceDescriptor)
    i.USBD_FS_InterfaceStrDescriptor         0x08002f60   Section        0  usbd_desc.o(i.USBD_FS_InterfaceStrDescriptor)
    i.USBD_FS_LangIDStrDescriptor            0x08002fa0   Section        0  usbd_desc.o(i.USBD_FS_LangIDStrDescriptor)
    i.USBD_FS_ManufacturerStrDescriptor      0x08002fb0   Section        0  usbd_desc.o(i.USBD_FS_ManufacturerStrDescriptor)
    i.USBD_FS_ProductStrDescriptor           0x08002fdc   Section        0  usbd_desc.o(i.USBD_FS_ProductStrDescriptor)
    i.USBD_FS_SerialStrDescriptor            0x08003024   Section        0  usbd_desc.o(i.USBD_FS_SerialStrDescriptor)
    i.USBD_FS_USR_BOSDescriptor              0x0800303c   Section        0  usbd_desc.o(i.USBD_FS_USR_BOSDescriptor)
    i.USBD_GetConfig                         0x0800304c   Section        0  usbd_ctlreq.o(i.USBD_GetConfig)
    USBD_GetConfig                           0x0800304d   Thumb Code    86  usbd_ctlreq.o(i.USBD_GetConfig)
    i.USBD_GetDescriptor                     0x080030a2   Section        0  usbd_ctlreq.o(i.USBD_GetDescriptor)
    USBD_GetDescriptor                       0x080030a3   Thumb Code   368  usbd_ctlreq.o(i.USBD_GetDescriptor)
    i.USBD_GetLen                            0x08003212   Section        0  usbd_ctlreq.o(i.USBD_GetLen)
    USBD_GetLen                              0x08003213   Thumb Code    20  usbd_ctlreq.o(i.USBD_GetLen)
    i.USBD_GetStatus                         0x08003226   Section        0  usbd_ctlreq.o(i.USBD_GetStatus)
    USBD_GetStatus                           0x08003227   Thumb Code    90  usbd_ctlreq.o(i.USBD_GetStatus)
    i.USBD_GetString                         0x08003280   Section        0  usbd_ctlreq.o(i.USBD_GetString)
    i.USBD_Init                              0x080032d2   Section        0  usbd_core.o(i.USBD_Init)
    i.USBD_LL_ClearStallEP                   0x08003304   Section        0  usbd_conf.o(i.USBD_LL_ClearStallEP)
    i.USBD_LL_CloseEP                        0x08003348   Section        0  usbd_conf.o(i.USBD_LL_CloseEP)
    i.USBD_LL_DataInStage                    0x0800338c   Section        0  usbd_core.o(i.USBD_LL_DataInStage)
    i.USBD_LL_DataOutStage                   0x0800348c   Section        0  usbd_core.o(i.USBD_LL_DataOutStage)
    i.USBD_LL_DevConnected                   0x08003532   Section        0  usbd_core.o(i.USBD_LL_DevConnected)
    i.USBD_LL_DevDisconnected                0x08003538   Section        0  usbd_core.o(i.USBD_LL_DevDisconnected)
    i.USBD_LL_Init                           0x08003554   Section        0  usbd_conf.o(i.USBD_LL_Init)
    i.USBD_LL_IsStallEP                      0x080035b8   Section        0  usbd_conf.o(i.USBD_LL_IsStallEP)
    i.USBD_LL_IsoINIncomplete                0x080035f0   Section        0  usbd_core.o(i.USBD_LL_IsoINIncomplete)
    i.USBD_LL_IsoOUTIncomplete               0x080035f6   Section        0  usbd_core.o(i.USBD_LL_IsoOUTIncomplete)
    i.USBD_LL_OpenEP                         0x080035fc   Section        0  usbd_conf.o(i.USBD_LL_OpenEP)
    i.USBD_LL_PrepareReceive                 0x0800365e   Section        0  usbd_conf.o(i.USBD_LL_PrepareReceive)
    i.USBD_LL_Reset                          0x080036c0   Section        0  usbd_core.o(i.USBD_LL_Reset)
    i.USBD_LL_Resume                         0x0800371c   Section        0  usbd_core.o(i.USBD_LL_Resume)
    i.USBD_LL_SOF                            0x0800372a   Section        0  usbd_core.o(i.USBD_LL_SOF)
    i.USBD_LL_SetSpeed                       0x0800374c   Section        0  usbd_core.o(i.USBD_LL_SetSpeed)
    i.USBD_LL_SetUSBAddress                  0x08003754   Section        0  usbd_conf.o(i.USBD_LL_SetUSBAddress)
    i.USBD_LL_SetupStage                     0x08003798   Section        0  usbd_core.o(i.USBD_LL_SetupStage)
    i.USBD_LL_StallEP                        0x08003806   Section        0  usbd_conf.o(i.USBD_LL_StallEP)
    i.USBD_LL_Start                          0x0800384a   Section        0  usbd_conf.o(i.USBD_LL_Start)
    i.USBD_LL_Suspend                        0x08003886   Section        0  usbd_core.o(i.USBD_LL_Suspend)
    i.USBD_LL_Transmit                       0x0800389a   Section        0  usbd_conf.o(i.USBD_LL_Transmit)
    i.USBD_ParseSetupRequest                 0x080038fc   Section        0  usbd_ctlreq.o(i.USBD_ParseSetupRequest)
    i.USBD_RegisterClass                     0x08003924   Section        0  usbd_core.o(i.USBD_RegisterClass)
    i.USBD_RunTestMode                       0x08003934   Section        0  usbd_core.o(i.USBD_RunTestMode)
    i.USBD_SetAddress                        0x0800393a   Section        0  usbd_ctlreq.o(i.USBD_SetAddress)
    USBD_SetAddress                          0x0800393b   Thumb Code    90  usbd_ctlreq.o(i.USBD_SetAddress)
    i.USBD_SetClassConfig                    0x08003994   Section        0  usbd_core.o(i.USBD_SetClassConfig)
    i.USBD_SetConfig                         0x080039b8   Section        0  usbd_ctlreq.o(i.USBD_SetConfig)
    USBD_SetConfig                           0x080039b9   Thumb Code   228  usbd_ctlreq.o(i.USBD_SetConfig)
    i.USBD_SetFeature                        0x08003aa0   Section        0  usbd_ctlreq.o(i.USBD_SetFeature)
    USBD_SetFeature                          0x08003aa1   Thumb Code    24  usbd_ctlreq.o(i.USBD_SetFeature)
    i.USBD_Start                             0x08003ab8   Section        0  usbd_core.o(i.USBD_Start)
    i.USBD_StdDevReq                         0x08003ac6   Section        0  usbd_ctlreq.o(i.USBD_StdDevReq)
    i.USBD_StdEPReq                          0x08003b68   Section        0  usbd_ctlreq.o(i.USBD_StdEPReq)
    i.USBD_StdItfReq                         0x08003da0   Section        0  usbd_ctlreq.o(i.USBD_StdItfReq)
    i.USBD_static_free                       0x08003e1e   Section        0  usbd_conf.o(i.USBD_static_free)
    i.USBD_static_malloc                     0x08003e20   Section        0  usbd_conf.o(i.USBD_static_malloc)
    i.USB_ActivateEndpoint                   0x08003e2c   Section        0  stm32l4xx_ll_usb.o(i.USB_ActivateEndpoint)
    i.USB_ActivateSetup                      0x08003efc   Section        0  stm32l4xx_ll_usb.o(i.USB_ActivateSetup)
    i.USB_CoreInit                           0x08003f44   Section        0  stm32l4xx_ll_usb.o(i.USB_CoreInit)
    i.USB_CoreReset                          0x08003fb4   Section        0  stm32l4xx_ll_usb.o(i.USB_CoreReset)
    USB_CoreReset                            0x08003fb5   Thumb Code    70  stm32l4xx_ll_usb.o(i.USB_CoreReset)
    i.USB_DeactivateEndpoint                 0x08004000   Section        0  stm32l4xx_ll_usb.o(i.USB_DeactivateEndpoint)
    i.USB_DevConnect                         0x080040c4   Section        0  stm32l4xx_ll_usb.o(i.USB_DevConnect)
    i.USB_DevDisconnect                      0x080040e4   Section        0  stm32l4xx_ll_usb.o(i.USB_DevDisconnect)
    i.USB_DevInit                            0x08004104   Section        0  stm32l4xx_ll_usb.o(i.USB_DevInit)
    i.USB_DisableGlobalInt                   0x080042ac   Section        0  stm32l4xx_ll_usb.o(i.USB_DisableGlobalInt)
    i.USB_EP0StartXfer                       0x080042bc   Section        0  stm32l4xx_ll_usb.o(i.USB_EP0StartXfer)
    i.USB_EP0_OutStart                       0x08004454   Section        0  stm32l4xx_ll_usb.o(i.USB_EP0_OutStart)
    i.USB_EPClearStall                       0x080044ac   Section        0  stm32l4xx_ll_usb.o(i.USB_EPClearStall)
    i.USB_EPSetStall                         0x0800453a   Section        0  stm32l4xx_ll_usb.o(i.USB_EPSetStall)
    i.USB_EPStartXfer                        0x080045d4   Section        0  stm32l4xx_ll_usb.o(i.USB_EPStartXfer)
    i.USB_EnableGlobalInt                    0x0800488c   Section        0  stm32l4xx_ll_usb.o(i.USB_EnableGlobalInt)
    i.USB_FlushRxFifo                        0x0800489c   Section        0  stm32l4xx_ll_usb.o(i.USB_FlushRxFifo)
    i.USB_FlushTxFifo                        0x080048c8   Section        0  stm32l4xx_ll_usb.o(i.USB_FlushTxFifo)
    i.USB_GetDevSpeed                        0x080048f8   Section        0  stm32l4xx_ll_usb.o(i.USB_GetDevSpeed)
    i.USB_GetMode                            0x08004918   Section        0  stm32l4xx_ll_usb.o(i.USB_GetMode)
    i.USB_ReadDevAllInEpInterrupt            0x08004922   Section        0  stm32l4xx_ll_usb.o(i.USB_ReadDevAllInEpInterrupt)
    i.USB_ReadDevAllOutEpInterrupt           0x08004936   Section        0  stm32l4xx_ll_usb.o(i.USB_ReadDevAllOutEpInterrupt)
    i.USB_ReadDevInEPInterrupt               0x0800494a   Section        0  stm32l4xx_ll_usb.o(i.USB_ReadDevInEPInterrupt)
    i.USB_ReadDevOutEPInterrupt              0x0800497c   Section        0  stm32l4xx_ll_usb.o(i.USB_ReadDevOutEPInterrupt)
    i.USB_ReadInterrupts                     0x08004996   Section        0  stm32l4xx_ll_usb.o(i.USB_ReadInterrupts)
    i.USB_ReadPacket                         0x080049a0   Section        0  stm32l4xx_ll_usb.o(i.USB_ReadPacket)
    i.USB_SetCurrentMode                     0x080049c2   Section        0  stm32l4xx_ll_usb.o(i.USB_SetCurrentMode)
    i.USB_SetDevAddress                      0x080049f8   Section        0  stm32l4xx_ll_usb.o(i.USB_SetDevAddress)
    i.USB_SetDevSpeed                        0x08004a22   Section        0  stm32l4xx_ll_usb.o(i.USB_SetDevSpeed)
    i.USB_SetTurnaroundTime                  0x08004a34   Section        0  stm32l4xx_ll_usb.o(i.USB_SetTurnaroundTime)
    i.USB_WritePacket                        0x08004b18   Section        0  stm32l4xx_ll_usb.o(i.USB_WritePacket)
    i.UsageFault_Handler                     0x08004b48   Section        0  stm32l4xx_it.o(i.UsageFault_Handler)
    i.__NVIC_GetPriorityGrouping             0x08004b4c   Section        0  stm32l4xx_hal_cortex.o(i.__NVIC_GetPriorityGrouping)
    __NVIC_GetPriorityGrouping               0x08004b4d   Thumb Code    10  stm32l4xx_hal_cortex.o(i.__NVIC_GetPriorityGrouping)
    i.__NVIC_SetPriority                     0x08004b5c   Section        0  stm32l4xx_hal_cortex.o(i.__NVIC_SetPriority)
    __NVIC_SetPriority                       0x08004b5d   Thumb Code    32  stm32l4xx_hal_cortex.o(i.__NVIC_SetPriority)
    i.main                                   0x08004b84   Section        0  main.o(i.main)
    x$fpl$fpinit                             0x08004cd4   Section       10  fpinit.o(x$fpl$fpinit)
    $v0                                      0x08004cd4   Number         0  fpinit.o(x$fpl$fpinit)
    .constdata                               0x08004ce0   Section       72  system_stm32l4xx_1.o(.constdata)
    .data                                    0x20000000   Section        2  main.o(.data)
    .data                                    0x20000004   Section      100  usbd_custom_hid_if.o(.data)
    CUSTOM_HID_ReportDesc_FS                 0x20000004   Data          79  usbd_custom_hid_if.o(.data)
    .data                                    0x20000068   Section       94  usbd_desc.o(.data)
    .data                                    0x200000c8   Section       12  stm32l4xx_hal.o(.data)
    .data                                    0x200000d4   Section      210  usbd_customhid.o(.data)
    USBD_CUSTOM_HID_CfgFSDesc                0x2000010c   Data          41  usbd_customhid.o(.data)
    USBD_CUSTOM_HID_CfgHSDesc                0x20000138   Data          41  usbd_customhid.o(.data)
    USBD_CUSTOM_HID_OtherSpeedCfgDesc        0x20000164   Data          41  usbd_customhid.o(.data)
    USBD_CUSTOM_HID_Desc                     0x20000190   Data           9  usbd_customhid.o(.data)
    USBD_CUSTOM_HID_DeviceQualifierDesc      0x2000019c   Data          10  usbd_customhid.o(.data)
    .data                                    0x200001a6   Section        1  usbd_ctlreq.o(.data)
    cfgidx                                   0x200001a6   Data           1  usbd_ctlreq.o(.data)
    .data                                    0x200001a8   Section        4  system_stm32l4xx_1.o(.data)
    .bss                                     0x200001ac   Section      128  main.o(.bss)
    .bss                                     0x2000022c   Section      668  usb_device.o(.bss)
    .bss                                     0x200004c8   Section     1120  usbd_conf.o(.bss)
    mem                                      0x200008d0   Data          88  usbd_conf.o(.bss)
    .bss                                     0x20000928   Section      512  usbd_desc.o(.bss)
    .bss                                     0x20000b28   Section       96  libspace.o(.bss)
    HEAP                                     0x20000b88   Section      512  startup_stm32l476xx.o(HEAP)
    Heap_Mem                                 0x20000b88   Data         512  startup_stm32l476xx.o(HEAP)
    STACK                                    0x20000d88   Section     1024  startup_stm32l476xx.o(STACK)
    Stack_Mem                                0x20000d88   Data        1024  startup_stm32l476xx.o(STACK)
    __initial_sp                             0x20001188   Data           0  startup_stm32l476xx.o(STACK)

    Global Symbols

    Symbol Name                              Value     Ov Type        Size  Object(Section)

    BuildAttributes$$THM_ISAv4$E$P$D$K$B$S$7EM$VFPi3$EXTD16$VFPS$VFMA$PE$A:L22UL41UL21$X:L11$S22US41US21$IEEE1$IW$USESV6$~STKCKD$USESV7$~SHL$OSPACE$ROPI$EBA8$UX$STANDARDLIB$REQ8$PRES8$EABIv2 0x00000000   Number         0  anon$$obj.o ABSOLUTE
    __ARM_use_no_argv                        0x00000000   Number         0  main.o ABSOLUTE
    __ARM_exceptions_init                     - Undefined Weak Reference
    __alloca_initialize                       - Undefined Weak Reference
    __arm_preinit_                            - Undefined Weak Reference
    __cpp_initialize__aeabi_                  - Undefined Weak Reference
    __cxa_finalize                            - Undefined Weak Reference
    __rt_locale                               - Undefined Weak Reference
    __sigvec_lookup                           - Undefined Weak Reference
    _atexit_init                              - Undefined Weak Reference
    _call_atexit_fns                          - Undefined Weak Reference
    _clock_init                               - Undefined Weak Reference
    _fp_trap_init                             - Undefined Weak Reference
    _fp_trap_shutdown                         - Undefined Weak Reference
    _get_lc_collate                           - Undefined Weak Reference
    _get_lc_ctype                             - Undefined Weak Reference
    _get_lc_monetary                          - Undefined Weak Reference
    _get_lc_numeric                           - Undefined Weak Reference
    _get_lc_time                              - Undefined Weak Reference
    _getenv_init                              - Undefined Weak Reference
    _handle_redirection                       - Undefined Weak Reference
    _init_alloc                               - Undefined Weak Reference
    _init_user_alloc                          - Undefined Weak Reference
    _initio                                   - Undefined Weak Reference
    _rand_init                                - Undefined Weak Reference
    _signal_finish                            - Undefined Weak Reference
    _signal_init                              - Undefined Weak Reference
    _terminate_alloc                          - Undefined Weak Reference
    _terminate_user_alloc                     - Undefined Weak Reference
    _terminateio                              - Undefined Weak Reference
    __Vectors_Size                           0x00000188   Number         0  startup_stm32l476xx.o ABSOLUTE
    __Vectors                                0x08000000   Data           4  startup_stm32l476xx.o(RESET)
    __Vectors_End                            0x08000188   Data           0  startup_stm32l476xx.o(RESET)
    __main                                   0x08000189   Thumb Code     8  __main.o(!!!main)
    __scatterload                            0x08000191   Thumb Code     0  __scatter.o(!!!scatter)
    __scatterload_rt2                        0x08000191   Thumb Code    44  __scatter.o(!!!scatter)
    __scatterload_rt2_thumb_only             0x08000191   Thumb Code     0  __scatter.o(!!!scatter)
    __scatterload_null                       0x0800019f   Thumb Code     0  __scatter.o(!!!scatter)
    __decompress                             0x080001c5   Thumb Code    90  __dczerorl2.o(!!dczerorl2)
    __decompress1                            0x080001c5   Thumb Code     0  __dczerorl2.o(!!dczerorl2)
    __scatterload_zeroinit                   0x08000221   Thumb Code    28  __scatter_zi.o(!!handler_zi)
    __rt_lib_init                            0x0800023d   Thumb Code     0  libinit.o(.ARM.Collect$$libinit$$00000000)
    __rt_lib_init_fp_1                       0x0800023f   Thumb Code     0  libinit2.o(.ARM.Collect$$libinit$$00000001)
    __rt_lib_init_alloca_1                   0x08000243   Thumb Code     0  libinit2.o(.ARM.Collect$$libinit$$0000002E)
    __rt_lib_init_argv_1                     0x08000243   Thumb Code     0  libinit2.o(.ARM.Collect$$libinit$$0000002C)
    __rt_lib_init_atexit_1                   0x08000243   Thumb Code     0  libinit2.o(.ARM.Collect$$libinit$$0000001B)
    __rt_lib_init_clock_1                    0x08000243   Thumb Code     0  libinit2.o(.ARM.Collect$$libinit$$00000021)
    __rt_lib_init_cpp_1                      0x08000243   Thumb Code     0  libinit2.o(.ARM.Collect$$libinit$$00000032)
    __rt_lib_init_exceptions_1               0x08000243   Thumb Code     0  libinit2.o(.ARM.Collect$$libinit$$00000030)
    __rt_lib_init_fp_trap_1                  0x08000243   Thumb Code     0  libinit2.o(.ARM.Collect$$libinit$$0000001F)
    __rt_lib_init_getenv_1                   0x08000243   Thumb Code     0  libinit2.o(.ARM.Collect$$libinit$$00000023)
    __rt_lib_init_heap_1                     0x08000243   Thumb Code     0  libinit2.o(.ARM.Collect$$libinit$$0000000A)
    __rt_lib_init_lc_collate_1               0x08000243   Thumb Code     0  libinit2.o(.ARM.Collect$$libinit$$00000011)
    __rt_lib_init_lc_ctype_1                 0x08000243   Thumb Code     0  libinit2.o(.ARM.Collect$$libinit$$00000013)
    __rt_lib_init_lc_monetary_1              0x08000243   Thumb Code     0  libinit2.o(.ARM.Collect$$libinit$$00000015)
    __rt_lib_init_lc_numeric_1               0x08000243   Thumb Code     0  libinit2.o(.ARM.Collect$$libinit$$00000017)
    __rt_lib_init_lc_time_1                  0x08000243   Thumb Code     0  libinit2.o(.ARM.Collect$$libinit$$00000019)
    __rt_lib_init_preinit_1                  0x08000243   Thumb Code     0  libinit2.o(.ARM.Collect$$libinit$$00000004)
    __rt_lib_init_rand_1                     0x08000243   Thumb Code     0  libinit2.o(.ARM.Collect$$libinit$$0000000E)
    __rt_lib_init_return                     0x08000243   Thumb Code     0  libinit2.o(.ARM.Collect$$libinit$$00000033)
    __rt_lib_init_signal_1                   0x08000243   Thumb Code     0  libinit2.o(.ARM.Collect$$libinit$$0000001D)
    __rt_lib_init_stdio_1                    0x08000243   Thumb Code     0  libinit2.o(.ARM.Collect$$libinit$$00000025)
    __rt_lib_init_user_alloc_1               0x08000243   Thumb Code     0  libinit2.o(.ARM.Collect$$libinit$$0000000C)
    __rt_lib_shutdown                        0x08000245   Thumb Code     0  libshutdown.o(.ARM.Collect$$libshutdown$$00000000)
    __rt_lib_shutdown_cpp_1                  0x08000247   Thumb Code     0  libshutdown2.o(.ARM.Collect$$libshutdown$$00000002)
    __rt_lib_shutdown_fp_trap_1              0x08000247   Thumb Code     0  libshutdown2.o(.ARM.Collect$$libshutdown$$00000007)
    __rt_lib_shutdown_heap_1                 0x08000247   Thumb Code     0  libshutdown2.o(.ARM.Collect$$libshutdown$$0000000F)
    __rt_lib_shutdown_return                 0x08000247   Thumb Code     0  libshutdown2.o(.ARM.Collect$$libshutdown$$00000010)
    __rt_lib_shutdown_signal_1               0x08000247   Thumb Code     0  libshutdown2.o(.ARM.Collect$$libshutdown$$0000000A)
    __rt_lib_shutdown_stdio_1                0x08000247   Thumb Code     0  libshutdown2.o(.ARM.Collect$$libshutdown$$00000004)
    __rt_lib_shutdown_user_alloc_1           0x08000247   Thumb Code     0  libshutdown2.o(.ARM.Collect$$libshutdown$$0000000C)
    __rt_entry                               0x08000249   Thumb Code     0  __rtentry.o(.ARM.Collect$$rtentry$$00000000)
    __rt_entry_presh_1                       0x08000249   Thumb Code     0  __rtentry2.o(.ARM.Collect$$rtentry$$00000002)
    __rt_entry_sh                            0x08000249   Thumb Code     0  __rtentry4.o(.ARM.Collect$$rtentry$$00000004)
    __rt_entry_li                            0x0800024f   Thumb Code     0  __rtentry2.o(.ARM.Collect$$rtentry$$0000000A)
    __rt_entry_postsh_1                      0x0800024f   Thumb Code     0  __rtentry2.o(.ARM.Collect$$rtentry$$00000009)
    __rt_entry_main                          0x08000253   Thumb Code     0  __rtentry2.o(.ARM.Collect$$rtentry$$0000000D)
    __rt_entry_postli_1                      0x08000253   Thumb Code     0  __rtentry2.o(.ARM.Collect$$rtentry$$0000000C)
    __rt_exit                                0x0800025b   Thumb Code     0  rtexit.o(.ARM.Collect$$rtexit$$00000000)
    __rt_exit_ls                             0x0800025d   Thumb Code     0  rtexit2.o(.ARM.Collect$$rtexit$$00000003)
    __rt_exit_prels_1                        0x0800025d   Thumb Code     0  rtexit2.o(.ARM.Collect$$rtexit$$00000002)
    __rt_exit_exit                           0x08000261   Thumb Code     0  rtexit2.o(.ARM.Collect$$rtexit$$00000004)
    Reset_Handler                            0x08000269   Thumb Code     8  startup_stm32l476xx.o(.text)
    ADC1_2_IRQHandler                        0x08000283   Thumb Code     0  startup_stm32l476xx.o(.text)
    ADC3_IRQHandler                          0x08000283   Thumb Code     0  startup_stm32l476xx.o(.text)
    CAN1_RX0_IRQHandler                      0x08000283   Thumb Code     0  startup_stm32l476xx.o(.text)
    CAN1_RX1_IRQHandler                      0x08000283   Thumb Code     0  startup_stm32l476xx.o(.text)
    CAN1_SCE_IRQHandler                      0x08000283   Thumb Code     0  startup_stm32l476xx.o(.text)
    CAN1_TX_IRQHandler                       0x08000283   Thumb Code     0  startup_stm32l476xx.o(.text)
    COMP_IRQHandler                          0x08000283   Thumb Code     0  startup_stm32l476xx.o(.text)
    DFSDM1_FLT0_IRQHandler                   0x08000283   Thumb Code     0  startup_stm32l476xx.o(.text)
    DFSDM1_FLT1_IRQHandler                   0x08000283   Thumb Code     0  startup_stm32l476xx.o(.text)
    DFSDM1_FLT2_IRQHandler                   0x08000283   Thumb Code     0  startup_stm32l476xx.o(.text)
    DFSDM1_FLT3_IRQHandler                   0x08000283   Thumb Code     0  startup_stm32l476xx.o(.text)
    DMA1_Channel1_IRQHandler                 0x08000283   Thumb Code     0  startup_stm32l476xx.o(.text)
    DMA1_Channel2_IRQHandler                 0x08000283   Thumb Code     0  startup_stm32l476xx.o(.text)
    DMA1_Channel3_IRQHandler                 0x08000283   Thumb Code     0  startup_stm32l476xx.o(.text)
    DMA1_Channel4_IRQHandler                 0x08000283   Thumb Code     0  startup_stm32l476xx.o(.text)
    DMA1_Channel5_IRQHandler                 0x08000283   Thumb Code     0  startup_stm32l476xx.o(.text)
    DMA1_Channel6_IRQHandler                 0x08000283   Thumb Code     0  startup_stm32l476xx.o(.text)
    DMA1_Channel7_IRQHandler                 0x08000283   Thumb Code     0  startup_stm32l476xx.o(.text)
    DMA2_Channel1_IRQHandler                 0x08000283   Thumb Code     0  startup_stm32l476xx.o(.text)
    DMA2_Channel2_IRQHandler                 0x08000283   Thumb Code     0  startup_stm32l476xx.o(.text)
    DMA2_Channel3_IRQHandler                 0x08000283   Thumb Code     0  startup_stm32l476xx.o(.text)
    DMA2_Channel4_IRQHandler                 0x08000283   Thumb Code     0  startup_stm32l476xx.o(.text)
    DMA2_Channel5_IRQHandler                 0x08000283   Thumb Code     0  startup_stm32l476xx.o(.text)
    DMA2_Channel6_IRQHandler                 0x08000283   Thumb Code     0  startup_stm32l476xx.o(.text)
    DMA2_Channel7_IRQHandler                 0x08000283   Thumb Code     0  startup_stm32l476xx.o(.text)
    EXTI0_IRQHandler                         0x08000283   Thumb Code     0  startup_stm32l476xx.o(.text)
    EXTI15_10_IRQHandler                     0x08000283   Thumb Code     0  startup_stm32l476xx.o(.text)
    EXTI1_IRQHandler                         0x08000283   Thumb Code     0  startup_stm32l476xx.o(.text)
    EXTI2_IRQHandler                         0x08000283   Thumb Code     0  startup_stm32l476xx.o(.text)
    EXTI3_IRQHandler                         0x08000283   Thumb Code     0  startup_stm32l476xx.o(.text)
    EXTI4_IRQHandler                         0x08000283   Thumb Code     0  startup_stm32l476xx.o(.text)
    EXTI9_5_IRQHandler                       0x08000283   Thumb Code     0  startup_stm32l476xx.o(.text)
    FLASH_IRQHandler                         0x08000283   Thumb Code     0  startup_stm32l476xx.o(.text)
    FMC_IRQHandler                           0x08000283   Thumb Code     0  startup_stm32l476xx.o(.text)
    FPU_IRQHandler                           0x08000283   Thumb Code     0  startup_stm32l476xx.o(.text)
    I2C1_ER_IRQHandler                       0x08000283   Thumb Code     0  startup_stm32l476xx.o(.text)
    I2C1_EV_IRQHandler                       0x08000283   Thumb Code     0  startup_stm32l476xx.o(.text)
    I2C2_ER_IRQHandler                       0x08000283   Thumb Code     0  startup_stm32l476xx.o(.text)
    I2C2_EV_IRQHandler                       0x08000283   Thumb Code     0  startup_stm32l476xx.o(.text)
    I2C3_ER_IRQHandler                       0x08000283   Thumb Code     0  startup_stm32l476xx.o(.text)
    I2C3_EV_IRQHandler                       0x08000283   Thumb Code     0  startup_stm32l476xx.o(.text)
    LCD_IRQHandler                           0x08000283   Thumb Code     0  startup_stm32l476xx.o(.text)
    LPTIM1_IRQHandler                        0x08000283   Thumb Code     0  startup_stm32l476xx.o(.text)
    LPTIM2_IRQHandler                        0x08000283   Thumb Code     0  startup_stm32l476xx.o(.text)
    LPUART1_IRQHandler                       0x08000283   Thumb Code     0  startup_stm32l476xx.o(.text)
    PVD_PVM_IRQHandler                       0x08000283   Thumb Code     0  startup_stm32l476xx.o(.text)
    QUADSPI_IRQHandler                       0x08000283   Thumb Code     0  startup_stm32l476xx.o(.text)
    RCC_IRQHandler                           0x08000283   Thumb Code     0  startup_stm32l476xx.o(.text)
    RNG_IRQHandler                           0x08000283   Thumb Code     0  startup_stm32l476xx.o(.text)
    RTC_Alarm_IRQHandler                     0x08000283   Thumb Code     0  startup_stm32l476xx.o(.text)
    RTC_WKUP_IRQHandler                      0x08000283   Thumb Code     0  startup_stm32l476xx.o(.text)
    SAI1_IRQHandler                          0x08000283   Thumb Code     0  startup_stm32l476xx.o(.text)
    SAI2_IRQHandler                          0x08000283   Thumb Code     0  startup_stm32l476xx.o(.text)
    SDMMC1_IRQHandler                        0x08000283   Thumb Code     0  startup_stm32l476xx.o(.text)
    SPI1_IRQHandler                          0x08000283   Thumb Code     0  startup_stm32l476xx.o(.text)
    SPI2_IRQHandler                          0x08000283   Thumb Code     0  startup_stm32l476xx.o(.text)
    SPI3_IRQHandler                          0x08000283   Thumb Code     0  startup_stm32l476xx.o(.text)
    SWPMI1_IRQHandler                        0x08000283   Thumb Code     0  startup_stm32l476xx.o(.text)
    TAMP_STAMP_IRQHandler                    0x08000283   Thumb Code     0  startup_stm32l476xx.o(.text)
    TIM1_BRK_TIM15_IRQHandler                0x08000283   Thumb Code     0  startup_stm32l476xx.o(.text)
    TIM1_CC_IRQHandler                       0x08000283   Thumb Code     0  startup_stm32l476xx.o(.text)
    TIM1_TRG_COM_TIM17_IRQHandler            0x08000283   Thumb Code     0  startup_stm32l476xx.o(.text)
    TIM1_UP_TIM16_IRQHandler                 0x08000283   Thumb Code     0  startup_stm32l476xx.o(.text)
    TIM2_IRQHandler                          0x08000283   Thumb Code     0  startup_stm32l476xx.o(.text)
    TIM3_IRQHandler                          0x08000283   Thumb Code     0  startup_stm32l476xx.o(.text)
    TIM4_IRQHandler                          0x08000283   Thumb Code     0  startup_stm32l476xx.o(.text)
    TIM5_IRQHandler                          0x08000283   Thumb Code     0  startup_stm32l476xx.o(.text)
    TIM6_DAC_IRQHandler                      0x08000283   Thumb Code     0  startup_stm32l476xx.o(.text)
    TIM7_IRQHandler                          0x08000283   Thumb Code     0  startup_stm32l476xx.o(.text)
    TIM8_BRK_IRQHandler                      0x08000283   Thumb Code     0  startup_stm32l476xx.o(.text)
    TIM8_CC_IRQHandler                       0x08000283   Thumb Code     0  startup_stm32l476xx.o(.text)
    TIM8_TRG_COM_IRQHandler                  0x08000283   Thumb Code     0  startup_stm32l476xx.o(.text)
    TIM8_UP_IRQHandler                       0x08000283   Thumb Code     0  startup_stm32l476xx.o(.text)
    TSC_IRQHandler                           0x08000283   Thumb Code     0  startup_stm32l476xx.o(.text)
    UART4_IRQHandler                         0x08000283   Thumb Code     0  startup_stm32l476xx.o(.text)
    UART5_IRQHandler                         0x08000283   Thumb Code     0  startup_stm32l476xx.o(.text)
    USART1_IRQHandler                        0x08000283   Thumb Code     0  startup_stm32l476xx.o(.text)
    USART2_IRQHandler                        0x08000283   Thumb Code     0  startup_stm32l476xx.o(.text)
    USART3_IRQHandler                        0x08000283   Thumb Code     0  startup_stm32l476xx.o(.text)
    WWDG_IRQHandler                          0x08000283   Thumb Code     0  startup_stm32l476xx.o(.text)
    __user_initial_stackheap                 0x08000285   Thumb Code     0  startup_stm32l476xx.o(.text)
    __aeabi_memcpy4                          0x080002a9   Thumb Code     0  rt_memcpy_w.o(.text)
    __aeabi_memcpy8                          0x080002a9   Thumb Code     0  rt_memcpy_w.o(.text)
    __rt_memcpy_w                            0x080002a9   Thumb Code   100  rt_memcpy_w.o(.text)
    _memcpy_lastbytes_aligned                0x080002f1   Thumb Code     0  rt_memcpy_w.o(.text)
    __aeabi_memclr4                          0x0800030d   Thumb Code     0  rt_memclr_w.o(.text)
    __aeabi_memclr8                          0x0800030d   Thumb Code     0  rt_memclr_w.o(.text)
    __rt_memclr_w                            0x0800030d   Thumb Code    78  rt_memclr_w.o(.text)
    _memset_w                                0x08000311   Thumb Code     0  rt_memclr_w.o(.text)
    __use_two_region_memory                  0x0800035b   Thumb Code     2  heapauxi.o(.text)
    __rt_heap_escrow$2region                 0x0800035d   Thumb Code     2  heapauxi.o(.text)
    __rt_heap_expand$2region                 0x0800035f   Thumb Code     2  heapauxi.o(.text)
    __user_setup_stackheap                   0x08000361   Thumb Code    74  sys_stackheap_outer.o(.text)
    exit                                     0x080003ab   Thumb Code    18  exit.o(.text)
    __user_libspace                          0x080003bd   Thumb Code     8  libspace.o(.text)
    __user_perproc_libspace                  0x080003bd   Thumb Code     0  libspace.o(.text)
    __user_perthread_libspace                0x080003bd   Thumb Code     0  libspace.o(.text)
    _sys_exit                                0x080003c5   Thumb Code     8  sys_exit.o(.text)
    __I$use$semihosting                      0x080003d1   Thumb Code     0  use_no_semi.o(.text)
    __use_no_semihosting_swi                 0x080003d1   Thumb Code     2  use_no_semi.o(.text)
    BusFault_Handler                         0x080003d3   Thumb Code     4  stm32l4xx_it.o(i.BusFault_Handler)
    __semihosting_library_function           0x080003d3   Thumb Code     0  indicate_semi.o(.text)
    DebugMon_Handler                         0x08000429   Thumb Code     2  stm32l4xx_it.o(i.DebugMon_Handler)
    Error_Handler                            0x0800042b   Thumb Code     2  main.o(i.Error_Handler)
    HAL_Delay                                0x08000461   Thumb Code    36  stm32l4xx_hal.o(i.HAL_Delay)
    HAL_GPIO_Init                            0x08000489   Thumb Code   480  stm32l4xx_hal_gpio.o(i.HAL_GPIO_Init)
    HAL_GPIO_ReadPin                         0x0800068d   Thumb Code    16  stm32l4xx_hal_gpio.o(i.HAL_GPIO_ReadPin)
    HAL_GPIO_WritePin                        0x0800069d   Thumb Code    10  stm32l4xx_hal_gpio.o(i.HAL_GPIO_WritePin)
    HAL_GetTick                              0x080006a9   Thumb Code     6  stm32l4xx_hal.o(i.HAL_GetTick)
    HAL_IncTick                              0x080006b5   Thumb Code    16  stm32l4xx_hal.o(i.HAL_IncTick)
    HAL_Init                                 0x080006cd   Thumb Code    30  stm32l4xx_hal.o(i.HAL_Init)
    HAL_InitTick                             0x080006ed   Thumb Code    74  stm32l4xx_hal.o(i.HAL_InitTick)
    HAL_MspInit                              0x08000745   Thumb Code    58  stm32l4xx_hal_msp.o(i.HAL_MspInit)
    HAL_NVIC_EnableIRQ                       0x08000785   Thumb Code    32  stm32l4xx_hal_cortex.o(i.HAL_NVIC_EnableIRQ)
    HAL_NVIC_SetPriority                     0x080007a5   Thumb Code   124  stm32l4xx_hal_cortex.o(i.HAL_NVIC_SetPriority)
    HAL_NVIC_SetPriorityGrouping             0x08000829   Thumb Code    32  stm32l4xx_hal_cortex.o(i.HAL_NVIC_SetPriorityGrouping)
    HAL_PCDEx_ActivateLPM                    0x08000851   Thumb Code    36  stm32l4xx_hal_pcd_ex.o(i.HAL_PCDEx_ActivateLPM)
    HAL_PCDEx_LPM_Callback                   0x08000879   Thumb Code   106  usbd_conf.o(i.HAL_PCDEx_LPM_Callback)
    HAL_PCDEx_SetRxFiFo                      0x080008e9   Thumb Code    10  stm32l4xx_hal_pcd_ex.o(i.HAL_PCDEx_SetRxFiFo)
    HAL_PCDEx_SetTxFiFo                      0x080008f3   Thumb Code    78  stm32l4xx_hal_pcd_ex.o(i.HAL_PCDEx_SetTxFiFo)
    HAL_PCD_ConnectCallback                  0x08000941   Thumb Code    14  usbd_conf.o(i.HAL_PCD_ConnectCallback)
    HAL_PCD_DataInStageCallback              0x0800094f   Thumb Code    32  usbd_conf.o(i.HAL_PCD_DataInStageCallback)
    HAL_PCD_DataOutStageCallback             0x0800096f   Thumb Code    32  usbd_conf.o(i.HAL_PCD_DataOutStageCallback)
    HAL_PCD_DisconnectCallback               0x0800098f   Thumb Code    14  usbd_conf.o(i.HAL_PCD_DisconnectCallback)
    HAL_PCD_EP_Close                         0x0800099d   Thumb Code   106  stm32l4xx_hal_pcd.o(i.HAL_PCD_EP_Close)
    HAL_PCD_EP_ClrStall                      0x08000a07   Thumb Code   124  stm32l4xx_hal_pcd.o(i.HAL_PCD_EP_ClrStall)
    HAL_PCD_EP_Open                          0x08000a83   Thumb Code   140  stm32l4xx_hal_pcd.o(i.HAL_PCD_EP_Open)
    HAL_PCD_EP_Receive                       0x08000b0f   Thumb Code    76  stm32l4xx_hal_pcd.o(i.HAL_PCD_EP_Receive)
    HAL_PCD_EP_SetStall                      0x08000b5b   Thumb Code   136  stm32l4xx_hal_pcd.o(i.HAL_PCD_EP_SetStall)
    HAL_PCD_EP_Transmit                      0x08000be3   Thumb Code    78  stm32l4xx_hal_pcd.o(i.HAL_PCD_EP_Transmit)
    HAL_PCD_IRQHandler                       0x08000c31   Thumb Code  1292  stm32l4xx_hal_pcd.o(i.HAL_PCD_IRQHandler)
    HAL_PCD_ISOINIncompleteCallback          0x08001143   Thumb Code    18  usbd_conf.o(i.HAL_PCD_ISOINIncompleteCallback)
    HAL_PCD_ISOOUTIncompleteCallback         0x08001155   Thumb Code    18  usbd_conf.o(i.HAL_PCD_ISOOUTIncompleteCallback)
    HAL_PCD_Init                             0x08001167   Thumb Code   370  stm32l4xx_hal_pcd.o(i.HAL_PCD_Init)
    HAL_PCD_MspInit                          0x080012d9   Thumb Code   188  usbd_conf.o(i.HAL_PCD_MspInit)
    HAL_PCD_ResetCallback                    0x08001399   Thumb Code    36  usbd_conf.o(i.HAL_PCD_ResetCallback)
    HAL_PCD_ResumeCallback                   0x080013bd   Thumb Code    50  usbd_conf.o(i.HAL_PCD_ResumeCallback)
    HAL_PCD_SOFCallback                      0x080013f5   Thumb Code    14  usbd_conf.o(i.HAL_PCD_SOFCallback)
    HAL_PCD_SetAddress                       0x08001403   Thumb Code    54  stm32l4xx_hal_pcd.o(i.HAL_PCD_SetAddress)
    HAL_PCD_SetupStageCallback               0x08001439   Thumb Code    18  usbd_conf.o(i.HAL_PCD_SetupStageCallback)
    HAL_PCD_Start                            0x0800144b   Thumb Code    68  stm32l4xx_hal_pcd.o(i.HAL_PCD_Start)
    HAL_PCD_SuspendCallback                  0x08001491   Thumb Code    46  usbd_conf.o(i.HAL_PCD_SuspendCallback)
    HAL_PWREx_ControlVoltageScaling          0x080014c5   Thumb Code   128  stm32l4xx_hal_pwr_ex.o(i.HAL_PWREx_ControlVoltageScaling)
    HAL_PWREx_EnableVddUSB                   0x08001551   Thumb Code    14  stm32l4xx_hal_pwr_ex.o(i.HAL_PWREx_EnableVddUSB)
    HAL_PWREx_GetVoltageRange                0x08001565   Thumb Code    10  stm32l4xx_hal_pwr_ex.o(i.HAL_PWREx_GetVoltageRange)
    HAL_RCCEx_PeriphCLKConfig                0x08001575   Thumb Code  1230  stm32l4xx_hal_rcc_ex.o(i.HAL_RCCEx_PeriphCLKConfig)
    HAL_RCC_ClockConfig                      0x08001a49   Thumb Code   360  stm32l4xx_hal_rcc.o(i.HAL_RCC_ClockConfig)
    HAL_RCC_GetHCLKFreq                      0x08001bc5   Thumb Code     6  stm32l4xx_hal_rcc.o(i.HAL_RCC_GetHCLKFreq)
    HAL_RCC_GetSysClockFreq                  0x08001bd1   Thumb Code   220  stm32l4xx_hal_rcc.o(i.HAL_RCC_GetSysClockFreq)
    HAL_RCC_OscConfig                        0x08001cbd   Thumb Code  1660  stm32l4xx_hal_rcc.o(i.HAL_RCC_OscConfig)
    HAL_SYSTICK_Config                       0x08002349   Thumb Code    52  stm32l4xx_hal_cortex.o(i.HAL_SYSTICK_Config)
    HardFault_Handler                        0x0800237d   Thumb Code     4  stm32l4xx_it.o(i.HardFault_Handler)
    MX_USB_DEVICE_Init                       0x08002489   Thumb Code    60  usb_device.o(i.MX_USB_DEVICE_Init)
    MemManage_Handler                        0x080024d5   Thumb Code     4  stm32l4xx_it.o(i.MemManage_Handler)
    NMI_Handler                              0x080024d9   Thumb Code     2  stm32l4xx_it.o(i.NMI_Handler)
    OTG_FS_IRQHandler                        0x080024dd   Thumb Code    10  stm32l4xx_it.o(i.OTG_FS_IRQHandler)
    PendSV_Handler                           0x0800265d   Thumb Code     2  stm32l4xx_it.o(i.PendSV_Handler)
    SVC_Handler                              0x080029ed   Thumb Code     2  stm32l4xx_it.o(i.SVC_Handler)
    SysTick_Handler                          0x080029ef   Thumb Code     8  stm32l4xx_it.o(i.SysTick_Handler)
    SystemClock_Config                       0x080029ff   Thumb Code   176  main.o(i.SystemClock_Config)
    SystemInit                               0x08002ab1   Thumb Code    68  system_stm32l4xx_1.o(i.SystemInit)
    USBD_CUSTOM_HID_RegisterInterface        0x08002c3b   Thumb Code    14  usbd_customhid.o(i.USBD_CUSTOM_HID_RegisterInterface)
    USBD_CUSTOM_HID_SendReport               0x08002c49   Thumb Code    58  usbd_customhid.o(i.USBD_CUSTOM_HID_SendReport)
    USBD_ClrClassConfig                      0x08002df9   Thumb Code    22  usbd_core.o(i.USBD_ClrClassConfig)
    USBD_CtlContinueRx                       0x08002e4d   Thumb Code    24  usbd_ioreq.o(i.USBD_CtlContinueRx)
    USBD_CtlContinueSendData                 0x08002e65   Thumb Code    24  usbd_ioreq.o(i.USBD_CtlContinueSendData)
    USBD_CtlError                            0x08002e7d   Thumb Code    24  usbd_ctlreq.o(i.USBD_CtlError)
    USBD_CtlPrepareRx                        0x08002e95   Thumb Code    40  usbd_ioreq.o(i.USBD_CtlPrepareRx)
    USBD_CtlReceiveStatus                    0x08002ebd   Thumb Code    26  usbd_ioreq.o(i.USBD_CtlReceiveStatus)
    USBD_CtlSendData                         0x08002ed7   Thumb Code    34  usbd_ioreq.o(i.USBD_CtlSendData)
    USBD_CtlSendStatus                       0x08002ef9   Thumb Code    26  usbd_ioreq.o(i.USBD_CtlSendStatus)
    USBD_FS_ConfigStrDescriptor              0x08002f15   Thumb Code    34  usbd_desc.o(i.USBD_FS_ConfigStrDescriptor)
    USBD_FS_DeviceDescriptor                 0x08002f51   Thumb Code    10  usbd_desc.o(i.USBD_FS_DeviceDescriptor)
    USBD_FS_InterfaceStrDescriptor           0x08002f61   Thumb Code    34  usbd_desc.o(i.USBD_FS_InterfaceStrDescriptor)
    USBD_FS_LangIDStrDescriptor              0x08002fa1   Thumb Code    10  usbd_desc.o(i.USBD_FS_LangIDStrDescriptor)
    USBD_FS_ManufacturerStrDescriptor        0x08002fb1   Thumb Code    20  usbd_desc.o(i.USBD_FS_ManufacturerStrDescriptor)
    USBD_FS_ProductStrDescriptor             0x08002fdd   Thumb Code    34  usbd_desc.o(i.USBD_FS_ProductStrDescriptor)
    USBD_FS_SerialStrDescriptor              0x08003025   Thumb Code    18  usbd_desc.o(i.USBD_FS_SerialStrDescriptor)
    USBD_FS_USR_BOSDescriptor                0x0800303d   Thumb Code    10  usbd_desc.o(i.USBD_FS_USR_BOSDescriptor)
    USBD_GetString                           0x08003281   Thumb Code    82  usbd_ctlreq.o(i.USBD_GetString)
    USBD_Init                                0x080032d3   Thumb Code    50  usbd_core.o(i.USBD_Init)
    USBD_LL_ClearStallEP                     0x08003305   Thumb Code    68  usbd_conf.o(i.USBD_LL_ClearStallEP)
    USBD_LL_CloseEP                          0x08003349   Thumb Code    68  usbd_conf.o(i.USBD_LL_CloseEP)
    USBD_LL_DataInStage                      0x0800338d   Thumb Code   256  usbd_core.o(i.USBD_LL_DataInStage)
    USBD_LL_DataOutStage                     0x0800348d   Thumb Code   166  usbd_core.o(i.USBD_LL_DataOutStage)
    USBD_LL_DevConnected                     0x08003533   Thumb Code     6  usbd_core.o(i.USBD_LL_DevConnected)
    USBD_LL_DevDisconnected                  0x08003539   Thumb Code    26  usbd_core.o(i.USBD_LL_DevDisconnected)
    USBD_LL_Init                             0x08003555   Thumb Code    96  usbd_conf.o(i.USBD_LL_Init)
    USBD_LL_IsStallEP                        0x080035b9   Thumb Code    56  usbd_conf.o(i.USBD_LL_IsStallEP)
    USBD_LL_IsoINIncomplete                  0x080035f1   Thumb Code     6  usbd_core.o(i.USBD_LL_IsoINIncomplete)
    USBD_LL_IsoOUTIncomplete                 0x080035f7   Thumb Code     6  usbd_core.o(i.USBD_LL_IsoOUTIncomplete)
    USBD_LL_OpenEP                           0x080035fd   Thumb Code    98  usbd_conf.o(i.USBD_LL_OpenEP)
    USBD_LL_PrepareReceive                   0x0800365f   Thumb Code    98  usbd_conf.o(i.USBD_LL_PrepareReceive)
    USBD_LL_Reset                            0x080036c1   Thumb Code    92  usbd_core.o(i.USBD_LL_Reset)
    USBD_LL_Resume                           0x0800371d   Thumb Code    14  usbd_core.o(i.USBD_LL_Resume)
    USBD_LL_SOF                              0x0800372b   Thumb Code    34  usbd_core.o(i.USBD_LL_SOF)
    USBD_LL_SetSpeed                         0x0800374d   Thumb Code     8  usbd_core.o(i.USBD_LL_SetSpeed)
    USBD_LL_SetUSBAddress                    0x08003755   Thumb Code    68  usbd_conf.o(i.USBD_LL_SetUSBAddress)
    USBD_LL_SetupStage                       0x08003799   Thumb Code   110  usbd_core.o(i.USBD_LL_SetupStage)
    USBD_LL_StallEP                          0x08003807   Thumb Code    68  usbd_conf.o(i.USBD_LL_StallEP)
    USBD_LL_Start                            0x0800384b   Thumb Code    60  usbd_conf.o(i.USBD_LL_Start)
    USBD_LL_Suspend                          0x08003887   Thumb Code    20  usbd_core.o(i.USBD_LL_Suspend)
    USBD_LL_Transmit                         0x0800389b   Thumb Code    98  usbd_conf.o(i.USBD_LL_Transmit)
    USBD_ParseSetupRequest                   0x080038fd   Thumb Code    40  usbd_ctlreq.o(i.USBD_ParseSetupRequest)
    USBD_RegisterClass                       0x08003925   Thumb Code    16  usbd_core.o(i.USBD_RegisterClass)
    USBD_RunTestMode                         0x08003935   Thumb Code     6  usbd_core.o(i.USBD_RunTestMode)
    USBD_SetClassConfig                      0x08003995   Thumb Code    34  usbd_core.o(i.USBD_SetClassConfig)
    USBD_Start                               0x08003ab9   Thumb Code    14  usbd_core.o(i.USBD_Start)
    USBD_StdDevReq                           0x08003ac7   Thumb Code   162  usbd_ctlreq.o(i.USBD_StdDevReq)
    USBD_StdEPReq                            0x08003b69   Thumb Code   568  usbd_ctlreq.o(i.USBD_StdEPReq)
    USBD_StdItfReq                           0x08003da1   Thumb Code   126  usbd_ctlreq.o(i.USBD_StdItfReq)
    USBD_static_free                         0x08003e1f   Thumb Code     2  usbd_conf.o(i.USBD_static_free)
    USBD_static_malloc                       0x08003e21   Thumb Code     6  usbd_conf.o(i.USBD_static_malloc)
    USB_ActivateEndpoint                     0x08003e2d   Thumb Code   202  stm32l4xx_ll_usb.o(i.USB_ActivateEndpoint)
    USB_ActivateSetup                        0x08003efd   Thumb Code    70  stm32l4xx_ll_usb.o(i.USB_ActivateSetup)
    USB_CoreInit                             0x08003f45   Thumb Code   106  stm32l4xx_ll_usb.o(i.USB_CoreInit)
    USB_DeactivateEndpoint                   0x08004001   Thumb Code   182  stm32l4xx_ll_usb.o(i.USB_DeactivateEndpoint)
    USB_DevConnect                           0x080040c5   Thumb Code    32  stm32l4xx_ll_usb.o(i.USB_DevConnect)
    USB_DevDisconnect                        0x080040e5   Thumb Code    32  stm32l4xx_ll_usb.o(i.USB_DevDisconnect)
    USB_DevInit                              0x08004105   Thumb Code   414  stm32l4xx_ll_usb.o(i.USB_DevInit)
    USB_DisableGlobalInt                     0x080042ad   Thumb Code    14  stm32l4xx_ll_usb.o(i.USB_DisableGlobalInt)
    USB_EP0StartXfer                         0x080042bd   Thumb Code   402  stm32l4xx_ll_usb.o(i.USB_EP0StartXfer)
    USB_EP0_OutStart                         0x08004455   Thumb Code    82  stm32l4xx_ll_usb.o(i.USB_EP0_OutStart)
    USB_EPClearStall                         0x080044ad   Thumb Code   142  stm32l4xx_ll_usb.o(i.USB_EPClearStall)
    USB_EPSetStall                           0x0800453b   Thumb Code   154  stm32l4xx_ll_usb.o(i.USB_EPSetStall)
    USB_EPStartXfer                          0x080045d5   Thumb Code   690  stm32l4xx_ll_usb.o(i.USB_EPStartXfer)
    USB_EnableGlobalInt                      0x0800488d   Thumb Code    14  stm32l4xx_ll_usb.o(i.USB_EnableGlobalInt)
    USB_FlushRxFifo                          0x0800489d   Thumb Code    38  stm32l4xx_ll_usb.o(i.USB_FlushRxFifo)
    USB_FlushTxFifo                          0x080048c9   Thumb Code    44  stm32l4xx_ll_usb.o(i.USB_FlushTxFifo)
    USB_GetDevSpeed                          0x080048f9   Thumb Code    32  stm32l4xx_ll_usb.o(i.USB_GetDevSpeed)
    USB_GetMode                              0x08004919   Thumb Code    10  stm32l4xx_ll_usb.o(i.USB_GetMode)
    USB_ReadDevAllInEpInterrupt              0x08004923   Thumb Code    20  stm32l4xx_ll_usb.o(i.USB_ReadDevAllInEpInterrupt)
    USB_ReadDevAllOutEpInterrupt             0x08004937   Thumb Code    20  stm32l4xx_ll_usb.o(i.USB_ReadDevAllOutEpInterrupt)
    USB_ReadDevInEPInterrupt                 0x0800494b   Thumb Code    50  stm32l4xx_ll_usb.o(i.USB_ReadDevInEPInterrupt)
    USB_ReadDevOutEPInterrupt                0x0800497d   Thumb Code    26  stm32l4xx_ll_usb.o(i.USB_ReadDevOutEPInterrupt)
    USB_ReadInterrupts                       0x08004997   Thumb Code    10  stm32l4xx_ll_usb.o(i.USB_ReadInterrupts)
    USB_ReadPacket                           0x080049a1   Thumb Code    34  stm32l4xx_ll_usb.o(i.USB_ReadPacket)
    USB_SetCurrentMode                       0x080049c3   Thumb Code    54  stm32l4xx_ll_usb.o(i.USB_SetCurrentMode)
    USB_SetDevAddress                        0x080049f9   Thumb Code    42  stm32l4xx_ll_usb.o(i.USB_SetDevAddress)
    USB_SetDevSpeed                          0x08004a23   Thumb Code    18  stm32l4xx_ll_usb.o(i.USB_SetDevSpeed)
    USB_SetTurnaroundTime                    0x08004a35   Thumb Code   186  stm32l4xx_ll_usb.o(i.USB_SetTurnaroundTime)
    USB_WritePacket                          0x08004b19   Thumb Code    48  stm32l4xx_ll_usb.o(i.USB_WritePacket)
    UsageFault_Handler                       0x08004b49   Thumb Code     4  stm32l4xx_it.o(i.UsageFault_Handler)
    main                                     0x08004b85   Thumb Code   306  main.o(i.main)
    _fp_init                                 0x08004cd5   Thumb Code    10  fpinit.o(x$fpl$fpinit)
    __fplib_config_fpu_vfp                   0x08004cdd   Thumb Code     0  fpinit.o(x$fpl$fpinit)
    __fplib_config_pureend_doubles           0x08004cdd   Thumb Code     0  fpinit.o(x$fpl$fpinit)
    AHBPrescTable                            0x08004ce0   Data          16  system_stm32l4xx_1.o(.constdata)
    APBPrescTable                            0x08004cf0   Data           8  system_stm32l4xx_1.o(.constdata)
    MSIRangeTable                            0x08004cf8   Data          48  system_stm32l4xx_1.o(.constdata)
    Region$$Table$$Base                      0x08004d28   Number         0  anon$$obj.o(Region$$Table)
    Region$$Table$$Limit                     0x08004d48   Number         0  anon$$obj.o(Region$$Table)
    USBDatainReady                           0x20000000   Data           1  main.o(.data)
    USBDataOutReady                          0x20000001   Data           1  main.o(.data)
    hUsbDevice_0                             0x20000054   Data           4  usbd_custom_hid_if.o(.data)
    USBD_CustomHID_fops_FS                   0x20000058   Data          16  usbd_custom_hid_if.o(.data)
    FS_Desc                                  0x20000068   Data          32  usbd_desc.o(.data)
    USBD_FS_DeviceDesc                       0x20000088   Data          18  usbd_desc.o(.data)
    USBD_FS_BOSDesc                          0x2000009c   Data          12  usbd_desc.o(.data)
    USBD_LangIDDesc                          0x200000a8   Data           4  usbd_desc.o(.data)
    USBD_StringSerial                        0x200000ac   Data          26  usbd_desc.o(.data)
    uwTick                                   0x200000c8   Data           4  stm32l4xx_hal.o(.data)
    uwTickPrio                               0x200000cc   Data           4  stm32l4xx_hal.o(.data)
    uwTickFreq                               0x200000d0   Data           4  stm32l4xx_hal.o(.data)
    USBD_CUSTOM_HID                          0x200000d4   Data          56  usbd_customhid.o(.data)
    SystemCoreClock                          0x200001a8   Data           4  system_stm32l4xx_1.o(.data)
    USB_RX_Buffer                            0x200001ac   Data          64  main.o(.bss)
    USB_TX_Buffer                            0x200001ec   Data          64  main.o(.bss)
    hUsbDeviceFS                             0x2000022c   Data         668  usb_device.o(.bss)
    hpcd_USB_OTG_FS                          0x200004c8   Data        1032  usbd_conf.o(.bss)
    USBD_StrDesc                             0x20000928   Data         512  usbd_desc.o(.bss)
    __libspace_start                         0x20000b28   Data          96  libspace.o(.bss)
    __temporary_stack_top$libspace           0x20000b88   Data           0  libspace.o(.bss)



==============================================================================

Memory Map of the image

  Image Entry point : 0x08000269

  Load Region LR_1 (Base: 0x08000000, Size: 0x00004ef4, Max: 0xffffffff, ABSOLUTE, COMPRESSED[0x00004e30])

    Execution Region ER_RO (Base: 0x08000000, Size: 0x00004d48, Max: 0xffffffff, ABSOLUTE)

    Base Addr    Size         Type   Attr      Idx    E Section Name        Object

    0x08000000   0x00000188   Data   RO         3664    RESET               startup_stm32l476xx.o
    0x08000188   0x00000008   Code   RO         3714  * !!!main             c_w.l(__main.o)
    0x08000190   0x00000034   Code   RO         3873    !!!scatter          c_w.l(__scatter.o)
    0x080001c4   0x0000005a   Code   RO         3871    !!dczerorl2         c_w.l(__dczerorl2.o)
    0x0800021e   0x00000002   PAD
    0x08000220   0x0000001c   Code   RO         3875    !!handler_zi        c_w.l(__scatter_zi.o)
    0x0800023c   0x00000002   Code   RO         3741    .ARM.Collect$$libinit$$00000000  c_w.l(libinit.o)
    0x0800023e   0x00000004   Code   RO         3747    .ARM.Collect$$libinit$$00000001  c_w.l(libinit2.o)
    0x08000242   0x00000000   Code   RO         3750    .ARM.Collect$$libinit$$00000004  c_w.l(libinit2.o)
    0x08000242   0x00000000   Code   RO         3753    .ARM.Collect$$libinit$$0000000A  c_w.l(libinit2.o)
    0x08000242   0x00000000   Code   RO         3755    .ARM.Collect$$libinit$$0000000C  c_w.l(libinit2.o)
    0x08000242   0x00000000   Code   RO         3757    .ARM.Collect$$libinit$$0000000E  c_w.l(libinit2.o)
    0x08000242   0x00000000   Code   RO         3760    .ARM.Collect$$libinit$$00000011  c_w.l(libinit2.o)
    0x08000242   0x00000000   Code   RO         3762    .ARM.Collect$$libinit$$00000013  c_w.l(libinit2.o)
    0x08000242   0x00000000   Code   RO         3764    .ARM.Collect$$libinit$$00000015  c_w.l(libinit2.o)
    0x08000242   0x00000000   Code   RO         3766    .ARM.Collect$$libinit$$00000017  c_w.l(libinit2.o)
    0x08000242   0x00000000   Code   RO         3768    .ARM.Collect$$libinit$$00000019  c_w.l(libinit2.o)
    0x08000242   0x00000000   Code   RO         3770    .ARM.Collect$$libinit$$0000001B  c_w.l(libinit2.o)
    0x08000242   0x00000000   Code   RO         3772    .ARM.Collect$$libinit$$0000001D  c_w.l(libinit2.o)
    0x08000242   0x00000000   Code   RO         3774    .ARM.Collect$$libinit$$0000001F  c_w.l(libinit2.o)
    0x08000242   0x00000000   Code   RO         3776    .ARM.Collect$$libinit$$00000021  c_w.l(libinit2.o)
    0x08000242   0x00000000   Code   RO         3778    .ARM.Collect$$libinit$$00000023  c_w.l(libinit2.o)
    0x08000242   0x00000000   Code   RO         3780    .ARM.Collect$$libinit$$00000025  c_w.l(libinit2.o)
    0x08000242   0x00000000   Code   RO         3784    .ARM.Collect$$libinit$$0000002C  c_w.l(libinit2.o)
    0x08000242   0x00000000   Code   RO         3786    .ARM.Collect$$libinit$$0000002E  c_w.l(libinit2.o)
    0x08000242   0x00000000   Code   RO         3788    .ARM.Collect$$libinit$$00000030  c_w.l(libinit2.o)
    0x08000242   0x00000000   Code   RO         3790    .ARM.Collect$$libinit$$00000032  c_w.l(libinit2.o)
    0x08000242   0x00000002   Code   RO         3791    .ARM.Collect$$libinit$$00000033  c_w.l(libinit2.o)
    0x08000244   0x00000002   Code   RO         3811    .ARM.Collect$$libshutdown$$00000000  c_w.l(libshutdown.o)
    0x08000246   0x00000000   Code   RO         3824    .ARM.Collect$$libshutdown$$00000002  c_w.l(libshutdown2.o)
    0x08000246   0x00000000   Code   RO         3826    .ARM.Collect$$libshutdown$$00000004  c_w.l(libshutdown2.o)
    0x08000246   0x00000000   Code   RO         3829    .ARM.Collect$$libshutdown$$00000007  c_w.l(libshutdown2.o)
    0x08000246   0x00000000   Code   RO         3832    .ARM.Collect$$libshutdown$$0000000A  c_w.l(libshutdown2.o)
    0x08000246   0x00000000   Code   RO         3834    .ARM.Collect$$libshutdown$$0000000C  c_w.l(libshutdown2.o)
    0x08000246   0x00000000   Code   RO         3837    .ARM.Collect$$libshutdown$$0000000F  c_w.l(libshutdown2.o)
    0x08000246   0x00000002   Code   RO         3838    .ARM.Collect$$libshutdown$$00000010  c_w.l(libshutdown2.o)
    0x08000248   0x00000000   Code   RO         3716    .ARM.Collect$$rtentry$$00000000  c_w.l(__rtentry.o)
    0x08000248   0x00000000   Code   RO         3718    .ARM.Collect$$rtentry$$00000002  c_w.l(__rtentry2.o)
    0x08000248   0x00000006   Code   RO         3730    .ARM.Collect$$rtentry$$00000004  c_w.l(__rtentry4.o)
    0x0800024e   0x00000000   Code   RO         3720    .ARM.Collect$$rtentry$$00000009  c_w.l(__rtentry2.o)
    0x0800024e   0x00000004   Code   RO         3721    .ARM.Collect$$rtentry$$0000000A  c_w.l(__rtentry2.o)
    0x08000252   0x00000000   Code   RO         3723    .ARM.Collect$$rtentry$$0000000C  c_w.l(__rtentry2.o)
    0x08000252   0x00000008   Code   RO         3724    .ARM.Collect$$rtentry$$0000000D  c_w.l(__rtentry2.o)
    0x0800025a   0x00000002   Code   RO         3745    .ARM.Collect$$rtexit$$00000000  c_w.l(rtexit.o)
    0x0800025c   0x00000000   Code   RO         3793    .ARM.Collect$$rtexit$$00000002  c_w.l(rtexit2.o)
    0x0800025c   0x00000004   Code   RO         3794    .ARM.Collect$$rtexit$$00000003  c_w.l(rtexit2.o)
    0x08000260   0x00000006   Code   RO         3795    .ARM.Collect$$rtexit$$00000004  c_w.l(rtexit2.o)
    0x08000266   0x00000002   PAD
    0x08000268   0x00000040   Code   RO         3665  * .text               startup_stm32l476xx.o
    0x080002a8   0x00000064   Code   RO         3708    .text               c_w.l(rt_memcpy_w.o)
    0x0800030c   0x0000004e   Code   RO         3710    .text               c_w.l(rt_memclr_w.o)
    0x0800035a   0x00000006   Code   RO         3712    .text               c_w.l(heapauxi.o)
    0x08000360   0x0000004a   Code   RO         3732    .text               c_w.l(sys_stackheap_outer.o)
    0x080003aa   0x00000012   Code   RO         3734    .text               c_w.l(exit.o)
    0x080003bc   0x00000008   Code   RO         3742    .text               c_w.l(libspace.o)
    0x080003c4   0x0000000c   Code   RO         3803    .text               c_w.l(sys_exit.o)
    0x080003d0   0x00000002   Code   RO         3814    .text               c_w.l(use_no_semi.o)
    0x080003d2   0x00000000   Code   RO         3816    .text               c_w.l(indicate_semi.o)
    0x080003d2   0x00000004   Code   RO          206    i.BusFault_Handler  stm32l4xx_it.o
    0x080003d6   0x00000004   Code   RO          535    i.CUSTOM_HID_DeInit_FS  usbd_custom_hid_if.o
    0x080003da   0x00000002   PAD
    0x080003dc   0x00000014   Code   RO          536    i.CUSTOM_HID_Init_FS  usbd_custom_hid_if.o
    0x080003f0   0x00000038   Code   RO          537    i.CUSTOM_HID_OutEvent_FS  usbd_custom_hid_if.o
    0x08000428   0x00000002   Code   RO          207    i.DebugMon_Handler  stm32l4xx_it.o
    0x0800042a   0x00000002   Code   RO            4    i.Error_Handler     main.o
    0x0800042c   0x00000034   Code   RO          588    i.Get_SerialNum     usbd_desc.o
    0x08000460   0x00000028   Code   RO          678    i.HAL_Delay         stm32l4xx_hal.o
    0x08000488   0x00000204   Code   RO         1471    i.HAL_GPIO_Init     stm32l4xx_hal_gpio.o
    0x0800068c   0x00000010   Code   RO         1473    i.HAL_GPIO_ReadPin  stm32l4xx_hal_gpio.o
    0x0800069c   0x0000000a   Code   RO         1475    i.HAL_GPIO_WritePin  stm32l4xx_hal_gpio.o
    0x080006a6   0x00000002   PAD
    0x080006a8   0x0000000c   Code   RO          682    i.HAL_GetTick       stm32l4xx_hal.o
    0x080006b4   0x00000018   Code   RO          688    i.HAL_IncTick       stm32l4xx_hal.o
    0x080006cc   0x0000001e   Code   RO          689    i.HAL_Init          stm32l4xx_hal.o
    0x080006ea   0x00000002   PAD
    0x080006ec   0x00000058   Code   RO          690    i.HAL_InitTick      stm32l4xx_hal.o
    0x08000744   0x00000040   Code   RO          182    i.HAL_MspInit       stm32l4xx_hal_msp.o
    0x08000784   0x00000020   Code   RO          910    i.HAL_NVIC_EnableIRQ  stm32l4xx_hal_cortex.o
    0x080007a4   0x00000082   Code   RO          916    i.HAL_NVIC_SetPriority  stm32l4xx_hal_cortex.o
    0x08000826   0x00000002   PAD
    0x08000828   0x00000028   Code   RO          917    i.HAL_NVIC_SetPriorityGrouping  stm32l4xx_hal_cortex.o
    0x08000850   0x00000028   Code   RO         2271    i.HAL_PCDEx_ActivateLPM  stm32l4xx_hal_pcd_ex.o
    0x08000878   0x00000070   Code   RO          323    i.HAL_PCDEx_LPM_Callback  usbd_conf.o
    0x080008e8   0x0000000a   Code   RO         2277    i.HAL_PCDEx_SetRxFiFo  stm32l4xx_hal_pcd_ex.o
    0x080008f2   0x0000004e   Code   RO         2278    i.HAL_PCDEx_SetTxFiFo  stm32l4xx_hal_pcd_ex.o
    0x08000940   0x0000000e   Code   RO          324    i.HAL_PCD_ConnectCallback  usbd_conf.o
    0x0800094e   0x00000020   Code   RO          325    i.HAL_PCD_DataInStageCallback  usbd_conf.o
    0x0800096e   0x00000020   Code   RO          326    i.HAL_PCD_DataOutStageCallback  usbd_conf.o
    0x0800098e   0x0000000e   Code   RO          327    i.HAL_PCD_DisconnectCallback  usbd_conf.o
    0x0800099c   0x0000006a   Code   RO         2054    i.HAL_PCD_EP_Close  stm32l4xx_hal_pcd.o
    0x08000a06   0x0000007c   Code   RO         2055    i.HAL_PCD_EP_ClrStall  stm32l4xx_hal_pcd.o
    0x08000a82   0x0000008c   Code   RO         2058    i.HAL_PCD_EP_Open   stm32l4xx_hal_pcd.o
    0x08000b0e   0x0000004c   Code   RO         2059    i.HAL_PCD_EP_Receive  stm32l4xx_hal_pcd.o
    0x08000b5a   0x00000088   Code   RO         2060    i.HAL_PCD_EP_SetStall  stm32l4xx_hal_pcd.o
    0x08000be2   0x0000004e   Code   RO         2061    i.HAL_PCD_EP_Transmit  stm32l4xx_hal_pcd.o
    0x08000c30   0x00000512   Code   RO         2063    i.HAL_PCD_IRQHandler  stm32l4xx_hal_pcd.o
    0x08001142   0x00000012   Code   RO          328    i.HAL_PCD_ISOINIncompleteCallback  usbd_conf.o
    0x08001154   0x00000012   Code   RO          329    i.HAL_PCD_ISOOUTIncompleteCallback  usbd_conf.o
    0x08001166   0x00000172   Code   RO         2066    i.HAL_PCD_Init      stm32l4xx_hal_pcd.o
    0x080012d8   0x000000c0   Code   RO          331    i.HAL_PCD_MspInit   usbd_conf.o
    0x08001398   0x00000024   Code   RO          332    i.HAL_PCD_ResetCallback  usbd_conf.o
    0x080013bc   0x00000038   Code   RO          333    i.HAL_PCD_ResumeCallback  usbd_conf.o
    0x080013f4   0x0000000e   Code   RO          334    i.HAL_PCD_SOFCallback  usbd_conf.o
    0x08001402   0x00000036   Code   RO         2072    i.HAL_PCD_SetAddress  stm32l4xx_hal_pcd.o
    0x08001438   0x00000012   Code   RO          335    i.HAL_PCD_SetupStageCallback  usbd_conf.o
    0x0800144a   0x00000044   Code   RO         2074    i.HAL_PCD_Start     stm32l4xx_hal_pcd.o
    0x0800148e   0x00000002   PAD
    0x08001490   0x00000034   Code   RO          336    i.HAL_PCD_SuspendCallback  usbd_conf.o
    0x080014c4   0x0000008c   Code   RO         2457    i.HAL_PWREx_ControlVoltageScaling  stm32l4xx_hal_pwr_ex.o
    0x08001550   0x00000014   Code   RO         2483    i.HAL_PWREx_EnableVddUSB  stm32l4xx_hal_pwr_ex.o
    0x08001564   0x00000010   Code   RO         2488    i.HAL_PWREx_GetVoltageRange  stm32l4xx_hal_pwr_ex.o
    0x08001574   0x000004d4   Code   RO         2818    i.HAL_RCCEx_PeriphCLKConfig  stm32l4xx_hal_rcc_ex.o
    0x08001a48   0x0000017c   Code   RO         2703    i.HAL_RCC_ClockConfig  stm32l4xx_hal_rcc.o
    0x08001bc4   0x0000000c   Code   RO         2707    i.HAL_RCC_GetHCLKFreq  stm32l4xx_hal_rcc.o
    0x08001bd0   0x000000ec   Code   RO         2711    i.HAL_RCC_GetSysClockFreq  stm32l4xx_hal_rcc.o
    0x08001cbc   0x0000068c   Code   RO         2714    i.HAL_RCC_OscConfig  stm32l4xx_hal_rcc.o
    0x08002348   0x00000034   Code   RO          921    i.HAL_SYSTICK_Config  stm32l4xx_hal_cortex.o
    0x0800237c   0x00000004   Code   RO          208    i.HardFault_Handler  stm32l4xx_it.o
    0x08002380   0x0000003e   Code   RO          589    i.IntToUnicode      usbd_desc.o
    0x080023be   0x00000002   PAD
    0x080023c0   0x000000c8   Code   RO            5    i.MX_GPIO_Init      main.o
    0x08002488   0x0000004c   Code   RO          288    i.MX_USB_DEVICE_Init  usb_device.o
    0x080024d4   0x00000004   Code   RO          209    i.MemManage_Handler  stm32l4xx_it.o
    0x080024d8   0x00000002   Code   RO          210    i.NMI_Handler       stm32l4xx_it.o
    0x080024da   0x00000002   PAD
    0x080024dc   0x00000010   Code   RO          211    i.OTG_FS_IRQHandler  stm32l4xx_it.o
    0x080024ec   0x0000004c   Code   RO         2077    i.PCD_EP_OutSetupPacket_int  stm32l4xx_hal_pcd.o
    0x08002538   0x0000006c   Code   RO         2078    i.PCD_EP_OutXfrComplete_int  stm32l4xx_hal_pcd.o
    0x080025a4   0x000000b8   Code   RO         2079    i.PCD_WriteEmptyTxFifo  stm32l4xx_hal_pcd.o
    0x0800265c   0x00000002   Code   RO          212    i.PendSV_Handler    stm32l4xx_it.o
    0x0800265e   0x00000002   PAD
    0x08002660   0x0000018c   Code   RO         2822    i.RCCEx_PLLSAI1_Config  stm32l4xx_hal_rcc_ex.o
    0x080027ec   0x00000164   Code   RO         2823    i.RCCEx_PLLSAI2_Config  stm32l4xx_hal_rcc_ex.o
    0x08002950   0x0000009c   Code   RO         2715    i.RCC_SetFlashLatencyFromMSIRange  stm32l4xx_hal_rcc.o
    0x080029ec   0x00000002   Code   RO          213    i.SVC_Handler       stm32l4xx_it.o
    0x080029ee   0x00000008   Code   RO          214    i.SysTick_Handler   stm32l4xx_it.o
    0x080029f6   0x00000008   Code   RO          337    i.SystemClockConfig_Resume  usbd_conf.o
    0x080029fe   0x000000b0   Code   RO            6    i.SystemClock_Config  main.o
    0x08002aae   0x00000002   PAD
    0x08002ab0   0x00000050   Code   RO         3673    i.SystemInit        system_stm32l4xx_1.o
    0x08002b00   0x0000000e   Code   RO         3286    i.USBD_CUSTOM_HID_DataIn  usbd_customhid.o
    0x08002b0e   0x00000026   Code   RO         3287    i.USBD_CUSTOM_HID_DataOut  usbd_customhid.o
    0x08002b34   0x00000040   Code   RO         3288    i.USBD_CUSTOM_HID_DeInit  usbd_customhid.o
    0x08002b74   0x00000022   Code   RO         3289    i.USBD_CUSTOM_HID_EP0_RxReady  usbd_customhid.o
    0x08002b96   0x00000002   PAD
    0x08002b98   0x00000010   Code   RO         3290    i.USBD_CUSTOM_HID_GetDeviceQualifierDesc  usbd_customhid.o
    0x08002ba8   0x00000010   Code   RO         3291    i.USBD_CUSTOM_HID_GetFSCfgDesc  usbd_customhid.o
    0x08002bb8   0x00000010   Code   RO         3292    i.USBD_CUSTOM_HID_GetHSCfgDesc  usbd_customhid.o
    0x08002bc8   0x00000010   Code   RO         3293    i.USBD_CUSTOM_HID_GetOtherSpeedCfgDesc  usbd_customhid.o
    0x08002bd8   0x00000062   Code   RO         3294    i.USBD_CUSTOM_HID_Init  usbd_customhid.o
    0x08002c3a   0x0000000e   Code   RO         3295    i.USBD_CUSTOM_HID_RegisterInterface  usbd_customhid.o
    0x08002c48   0x0000003a   Code   RO         3296    i.USBD_CUSTOM_HID_SendReport  usbd_customhid.o
    0x08002c82   0x00000002   PAD
    0x08002c84   0x00000174   Code   RO         3297    i.USBD_CUSTOM_HID_Setup  usbd_customhid.o
    0x08002df8   0x00000016   Code   RO         3372    i.USBD_ClrClassConfig  usbd_core.o
    0x08002e0e   0x0000003e   Code   RO         3510    i.USBD_ClrFeature   usbd_ctlreq.o
    0x08002e4c   0x00000018   Code   RO         3605    i.USBD_CtlContinueRx  usbd_ioreq.o
    0x08002e64   0x00000018   Code   RO         3606    i.USBD_CtlContinueSendData  usbd_ioreq.o
    0x08002e7c   0x00000018   Code   RO         3511    i.USBD_CtlError     usbd_ctlreq.o
    0x08002e94   0x00000028   Code   RO         3607    i.USBD_CtlPrepareRx  usbd_ioreq.o
    0x08002ebc   0x0000001a   Code   RO         3608    i.USBD_CtlReceiveStatus  usbd_ioreq.o
    0x08002ed6   0x00000022   Code   RO         3609    i.USBD_CtlSendData  usbd_ioreq.o
    0x08002ef8   0x0000001a   Code   RO         3610    i.USBD_CtlSendStatus  usbd_ioreq.o
    0x08002f12   0x00000002   PAD
    0x08002f14   0x0000003c   Code   RO          590    i.USBD_FS_ConfigStrDescriptor  usbd_desc.o
    0x08002f50   0x00000010   Code   RO          591    i.USBD_FS_DeviceDescriptor  usbd_desc.o
    0x08002f60   0x00000040   Code   RO          592    i.USBD_FS_InterfaceStrDescriptor  usbd_desc.o
    0x08002fa0   0x00000010   Code   RO          593    i.USBD_FS_LangIDStrDescriptor  usbd_desc.o
    0x08002fb0   0x0000002c   Code   RO          594    i.USBD_FS_ManufacturerStrDescriptor  usbd_desc.o
    0x08002fdc   0x00000048   Code   RO          595    i.USBD_FS_ProductStrDescriptor  usbd_desc.o
    0x08003024   0x00000018   Code   RO          596    i.USBD_FS_SerialStrDescriptor  usbd_desc.o
    0x0800303c   0x00000010   Code   RO          597    i.USBD_FS_USR_BOSDescriptor  usbd_desc.o
    0x0800304c   0x00000056   Code   RO         3512    i.USBD_GetConfig    usbd_ctlreq.o
    0x080030a2   0x00000170   Code   RO         3513    i.USBD_GetDescriptor  usbd_ctlreq.o
    0x08003212   0x00000014   Code   RO         3514    i.USBD_GetLen       usbd_ctlreq.o
    0x08003226   0x0000005a   Code   RO         3515    i.USBD_GetStatus    usbd_ctlreq.o
    0x08003280   0x00000052   Code   RO         3516    i.USBD_GetString    usbd_ctlreq.o
    0x080032d2   0x00000032   Code   RO         3374    i.USBD_Init         usbd_core.o
    0x08003304   0x00000044   Code   RO          338    i.USBD_LL_ClearStallEP  usbd_conf.o
    0x08003348   0x00000044   Code   RO          339    i.USBD_LL_CloseEP   usbd_conf.o
    0x0800338c   0x00000100   Code   RO         3375    i.USBD_LL_DataInStage  usbd_core.o
    0x0800348c   0x000000a6   Code   RO         3376    i.USBD_LL_DataOutStage  usbd_core.o
    0x08003532   0x00000006   Code   RO         3377    i.USBD_LL_DevConnected  usbd_core.o
    0x08003538   0x0000001a   Code   RO         3378    i.USBD_LL_DevDisconnected  usbd_core.o
    0x08003552   0x00000002   PAD
    0x08003554   0x00000064   Code   RO          344    i.USBD_LL_Init      usbd_conf.o
    0x080035b8   0x00000038   Code   RO          345    i.USBD_LL_IsStallEP  usbd_conf.o
    0x080035f0   0x00000006   Code   RO         3379    i.USBD_LL_IsoINIncomplete  usbd_core.o
    0x080035f6   0x00000006   Code   RO         3380    i.USBD_LL_IsoOUTIncomplete  usbd_core.o
    0x080035fc   0x00000062   Code   RO          346    i.USBD_LL_OpenEP    usbd_conf.o
    0x0800365e   0x00000062   Code   RO          347    i.USBD_LL_PrepareReceive  usbd_conf.o
    0x080036c0   0x0000005c   Code   RO         3381    i.USBD_LL_Reset     usbd_core.o
    0x0800371c   0x0000000e   Code   RO         3382    i.USBD_LL_Resume    usbd_core.o
    0x0800372a   0x00000022   Code   RO         3383    i.USBD_LL_SOF       usbd_core.o
    0x0800374c   0x00000008   Code   RO         3384    i.USBD_LL_SetSpeed  usbd_core.o
    0x08003754   0x00000044   Code   RO          348    i.USBD_LL_SetUSBAddress  usbd_conf.o
    0x08003798   0x0000006e   Code   RO         3385    i.USBD_LL_SetupStage  usbd_core.o
    0x08003806   0x00000044   Code   RO          349    i.USBD_LL_StallEP   usbd_conf.o
    0x0800384a   0x0000003c   Code   RO          350    i.USBD_LL_Start     usbd_conf.o
    0x08003886   0x00000014   Code   RO         3386    i.USBD_LL_Suspend   usbd_core.o
    0x0800389a   0x00000062   Code   RO          352    i.USBD_LL_Transmit  usbd_conf.o
    0x080038fc   0x00000028   Code   RO         3517    i.USBD_ParseSetupRequest  usbd_ctlreq.o
    0x08003924   0x00000010   Code   RO         3387    i.USBD_RegisterClass  usbd_core.o
    0x08003934   0x00000006   Code   RO         3388    i.USBD_RunTestMode  usbd_core.o
    0x0800393a   0x0000005a   Code   RO         3518    i.USBD_SetAddress   usbd_ctlreq.o
    0x08003994   0x00000022   Code   RO         3389    i.USBD_SetClassConfig  usbd_core.o
    0x080039b6   0x00000002   PAD
    0x080039b8   0x000000e8   Code   RO         3519    i.USBD_SetConfig    usbd_ctlreq.o
    0x08003aa0   0x00000018   Code   RO         3520    i.USBD_SetFeature   usbd_ctlreq.o
    0x08003ab8   0x0000000e   Code   RO         3390    i.USBD_Start        usbd_core.o
    0x08003ac6   0x000000a2   Code   RO         3521    i.USBD_StdDevReq    usbd_ctlreq.o
    0x08003b68   0x00000238   Code   RO         3522    i.USBD_StdEPReq     usbd_ctlreq.o
    0x08003da0   0x0000007e   Code   RO         3523    i.USBD_StdItfReq    usbd_ctlreq.o
    0x08003e1e   0x00000002   Code   RO          353    i.USBD_static_free  usbd_conf.o
    0x08003e20   0x0000000c   Code   RO          354    i.USBD_static_malloc  usbd_conf.o
    0x08003e2c   0x000000d0   Code   RO         2981    i.USB_ActivateEndpoint  stm32l4xx_ll_usb.o
    0x08003efc   0x00000046   Code   RO         2983    i.USB_ActivateSetup  stm32l4xx_ll_usb.o
    0x08003f42   0x00000002   PAD
    0x08003f44   0x00000070   Code   RO         2985    i.USB_CoreInit      stm32l4xx_ll_usb.o
    0x08003fb4   0x0000004c   Code   RO         2986    i.USB_CoreReset     stm32l4xx_ll_usb.o
    0x08004000   0x000000c4   Code   RO         2989    i.USB_DeactivateEndpoint  stm32l4xx_ll_usb.o
    0x080040c4   0x00000020   Code   RO         2990    i.USB_DevConnect    stm32l4xx_ll_usb.o
    0x080040e4   0x00000020   Code   RO         2991    i.USB_DevDisconnect  stm32l4xx_ll_usb.o
    0x08004104   0x000001a8   Code   RO         2992    i.USB_DevInit       stm32l4xx_ll_usb.o
    0x080042ac   0x0000000e   Code   RO         2993    i.USB_DisableGlobalInt  stm32l4xx_ll_usb.o
    0x080042ba   0x00000002   PAD
    0x080042bc   0x00000198   Code   RO         2996    i.USB_EP0StartXfer  stm32l4xx_ll_usb.o
    0x08004454   0x00000058   Code   RO         2997    i.USB_EP0_OutStart  stm32l4xx_ll_usb.o
    0x080044ac   0x0000008e   Code   RO         2998    i.USB_EPClearStall  stm32l4xx_ll_usb.o
    0x0800453a   0x0000009a   Code   RO         2999    i.USB_EPSetStall    stm32l4xx_ll_usb.o
    0x080045d4   0x000002b8   Code   RO         3000    i.USB_EPStartXfer   stm32l4xx_ll_usb.o
    0x0800488c   0x0000000e   Code   RO         3001    i.USB_EnableGlobalInt  stm32l4xx_ll_usb.o
    0x0800489a   0x00000002   PAD
    0x0800489c   0x0000002c   Code   RO         3002    i.USB_FlushRxFifo   stm32l4xx_ll_usb.o
    0x080048c8   0x00000030   Code   RO         3003    i.USB_FlushTxFifo   stm32l4xx_ll_usb.o
    0x080048f8   0x00000020   Code   RO         3005    i.USB_GetDevSpeed   stm32l4xx_ll_usb.o
    0x08004918   0x0000000a   Code   RO         3007    i.USB_GetMode       stm32l4xx_ll_usb.o
    0x08004922   0x00000014   Code   RO         3014    i.USB_ReadDevAllInEpInterrupt  stm32l4xx_ll_usb.o
    0x08004936   0x00000014   Code   RO         3015    i.USB_ReadDevAllOutEpInterrupt  stm32l4xx_ll_usb.o
    0x0800494a   0x00000032   Code   RO         3016    i.USB_ReadDevInEPInterrupt  stm32l4xx_ll_usb.o
    0x0800497c   0x0000001a   Code   RO         3017    i.USB_ReadDevOutEPInterrupt  stm32l4xx_ll_usb.o
    0x08004996   0x0000000a   Code   RO         3018    i.USB_ReadInterrupts  stm32l4xx_ll_usb.o
    0x080049a0   0x00000022   Code   RO         3019    i.USB_ReadPacket    stm32l4xx_ll_usb.o
    0x080049c2   0x00000036   Code   RO         3021    i.USB_SetCurrentMode  stm32l4xx_ll_usb.o
    0x080049f8   0x0000002a   Code   RO         3022    i.USB_SetDevAddress  stm32l4xx_ll_usb.o
    0x08004a22   0x00000012   Code   RO         3023    i.USB_SetDevSpeed   stm32l4xx_ll_usb.o
    0x08004a34   0x000000e4   Code   RO         3024    i.USB_SetTurnaroundTime  stm32l4xx_ll_usb.o
    0x08004b18   0x00000030   Code   RO         3027    i.USB_WritePacket   stm32l4xx_ll_usb.o
    0x08004b48   0x00000004   Code   RO          215    i.UsageFault_Handler  stm32l4xx_it.o
    0x08004b4c   0x00000010   Code   RO          923    i.__NVIC_GetPriorityGrouping  stm32l4xx_hal_cortex.o
    0x08004b5c   0x00000028   Code   RO          924    i.__NVIC_SetPriority  stm32l4xx_hal_cortex.o
    0x08004b84   0x00000150   Code   RO            7    i.main              main.o
    0x08004cd4   0x0000000a   Code   RO         3801    x$fpl$fpinit        fz_wm.l(fpinit.o)
    0x08004cde   0x00000002   PAD
    0x08004ce0   0x00000048   Data   RO         3674    .constdata          system_stm32l4xx_1.o
    0x08004d28   0x00000020   Data   RO         3869    Region$$Table       anon$$obj.o


    Execution Region ER_RW (Base: 0x20000000, Size: 0x000001ac, Max: 0xffffffff, ABSOLUTE, COMPRESSED[0x000000e8])

    Base Addr    Size         Type   Attr      Idx    E Section Name        Object

    0x20000000   0x00000002   Data   RW            9    .data               main.o
    0x20000002   0x00000002   PAD
    0x20000004   0x00000064   Data   RW          538    .data               usbd_custom_hid_if.o
    0x20000068   0x0000005e   Data   RW          599    .data               usbd_desc.o
    0x200000c6   0x00000002   PAD
    0x200000c8   0x0000000c   Data   RW          706    .data               stm32l4xx_hal.o
    0x200000d4   0x000000d2   Data   RW         3298    .data               usbd_customhid.o
    0x200001a6   0x00000001   Data   RW         3524    .data               usbd_ctlreq.o
    0x200001a7   0x00000001   PAD
    0x200001a8   0x00000004   Data   RW         3675    .data               system_stm32l4xx_1.o


    Execution Region ER_ZI (Base: 0x200001ac, Size: 0x00000fdc, Max: 0xffffffff, ABSOLUTE)

    Base Addr    Size         Type   Attr      Idx    E Section Name        Object

    0x200001ac   0x00000080   Zero   RW            8    .bss                main.o
    0x2000022c   0x0000029c   Zero   RW          289    .bss                usb_device.o
    0x200004c8   0x00000460   Zero   RW          355    .bss                usbd_conf.o
    0x20000928   0x00000200   Zero   RW          598    .bss                usbd_desc.o
    0x20000b28   0x00000060   Zero   RW         3743    .bss                c_w.l(libspace.o)
    0x20000b88   0x00000200   Zero   RW         3663    HEAP                startup_stm32l476xx.o
    0x20000d88   0x00000400   Zero   RW         3662    STACK               startup_stm32l476xx.o


==============================================================================

Image component sizes


      Code (inc. data)   RO Data    RW Data    ZI Data      Debug   Object Name

       714         44          0          2        128     780034   main.o
        64         26        392          0       1536        860   startup_stm32l476xx.o
       194         32          0         12          0       4213   stm32l4xx_hal.o
       310         22          0          0          0      34007   stm32l4xx_hal_cortex.o
       542         36          0          0          0       2955   stm32l4xx_hal_gpio.o
        64          6          0          0          0        802   stm32l4xx_hal_msp.o
      2818         10          0          0          0      11941   stm32l4xx_hal_pcd.o
       128          4          0          0          0       2440   stm32l4xx_hal_pcd_ex.o
       176         24          0          0          0       1883   stm32l4xx_hal_pwr_ex.o
      2460         88          0          0          0       6034   stm32l4xx_hal_rcc.o
      1988         48          0          0          0       3896   stm32l4xx_hal_rcc_ex.o
        48          6          0          0          0       4518   stm32l4xx_it.o
      3350        112          0          0          0      22186   stm32l4xx_ll_usb.o
        80         12         72          4          0       1341   system_stm32l4xx_1.o
        76         16          0          0        668        728   usb_device.o
      1412         32          0          0       1120      16867   usbd_conf.o
       886          0          0          0          0      12797   usbd_core.o
      1974         20          0          1          0      10956   usbd_ctlreq.o
        80         24          0        100          0       2346   usbd_custom_hid_if.o
       756         40          0        210          0      11063   usbd_customhid.o
       426        152          0         94        512       7189   usbd_desc.o
       174          0          0          0          0       4640   usbd_ioreq.o

    ----------------------------------------------------------------------
     18754        754        496        428       3964     943696   Object Totals
         0          0         32          0          0          0   (incl. Generated)
        34          0          0          5          0          0   (incl. Padding)

    ----------------------------------------------------------------------

      Code (inc. data)   RO Data    RW Data    ZI Data      Debug   Library Member Name

        90          0          0          0          0          0   __dczerorl2.o
         8          0          0          0          0         68   __main.o
         0          0          0          0          0          0   __rtentry.o
        12          0          0          0          0          0   __rtentry2.o
         6          0          0          0          0          0   __rtentry4.o
        52          8          0          0          0          0   __scatter.o
        28          0          0          0          0          0   __scatter_zi.o
        18          0          0          0          0         80   exit.o
         6          0          0          0          0        152   heapauxi.o
         0          0          0          0          0          0   indicate_semi.o
         2          0          0          0          0          0   libinit.o
         6          0          0          0          0          0   libinit2.o
         2          0          0          0          0          0   libshutdown.o
         2          0          0          0          0          0   libshutdown2.o
         8          4          0          0         96         68   libspace.o
        78          0          0          0          0         80   rt_memclr_w.o
       100          0          0          0          0         80   rt_memcpy_w.o
         2          0          0          0          0          0   rtexit.o
        10          0          0          0          0          0   rtexit2.o
        12          4          0          0          0         68   sys_exit.o
        74          0          0          0          0         80   sys_stackheap_outer.o
         2          0          0          0          0         68   use_no_semi.o
        10          0          0          0          0        116   fpinit.o

    ----------------------------------------------------------------------
       534         16          0          0         96        860   Library Totals
         6          0          0          0          0          0   (incl. Padding)

    ----------------------------------------------------------------------

      Code (inc. data)   RO Data    RW Data    ZI Data      Debug   Library Name

       518         16          0          0         96        744   c_w.l
        10          0          0          0          0        116   fz_wm.l

    ----------------------------------------------------------------------
       534         16          0          0         96        860   Library Totals

    ----------------------------------------------------------------------

==============================================================================


      Code (inc. data)   RO Data    RW Data    ZI Data      Debug   

     19288        770        496        428       4060     927296   Grand Totals
     19288        770        496        232       4060     927296   ELF Image Totals (compressed)
     19288        770        496        232          0          0   ROM Totals

==============================================================================

    Total RO  Size (Code + RO Data)                19784 (  19.32kB)
    Total RW  Size (RW Data + ZI Data)              4488 (   4.38kB)
    Total ROM Size (Code + RO Data + RW Data)      20016 (  19.55kB)

==============================================================================

